Matched: 150, skipped (no annotation): 0
[PASS] raw_003471_3818c415 | 5/5 | 简短礼貌回应感谢，符合闲聊收尾场景，无风险。
[PASS] raw_028009_b9630665 | 5/5 | 简短礼貌收尾，符合闲聊场景，用户问题已解决。
[FAIL] raw_039961_13998282 | 3/3 | 回复未给出具体验证方法（如防伪码、官网），仅建议查看详情页或联系客服，缺乏可操作步骤。
[PASS] raw_003040_496db22f | 5/5 | 回复直接给出了开票的具体路径和操作步骤，用户可立即执行，完全符合预期。
[FAIL] raw_014585_336a2bb8 | 2/1 | 回复承诺今天送达，但用户问的是发货时间，且未提供任何可操作路径，属于错误引导和过度承诺。
[FAIL] raw_043192_b89cb5ed | 3/4 | 回复方向正确但缺乏具体可执行步骤，未体现尽快安排或催促动作，语气较生硬。
[FAIL] raw_003002_43117416 | 3/3 | 回复未提供具体物流动态，仅说预计今天送达，缺乏可操作信息。
[FAIL] raw_019783_c9b93a90 | 3/4 | 回复方向正确但缺乏具体可操作步骤，未给出如何找到大件商品券的明确路径。
[FAIL] raw_016366_9145024e | 3/3 | 未利用历史中两个订单的信息，仅泛泛回答，缺乏具体可执行步骤。
[FAIL] raw_048599_f9febd9c | 2/3 | 未利用历史中已安排上门换新的信息，反而让用户重新申请，且未说明配送员会联系约定时间，缺乏可执行路径。
[PASS] raw_056095_ad102e06 | 4/4 | 回复直接说明了发票邮寄时间，并引导查看订单详情页，具体可操作。
[FAIL] raw_001198_762b1226 | 2/2 | 未安抚用户着急情绪，未提供催促路径，且说未出库与预计明天送达矛盾，忽略历史信息。
[PASS] raw_006639_5f3f9745 | 5/5 | 直接回答缺货和预计发货时间，给出可操作建议，语气礼貌，无风险。
[FAIL] raw_034699_f6c8b789 | 2/2 | 回复仅索要订单号，未提供任何取消流程或可执行路径，不符合预期标准。
[PASS] raw_025447_7aac8e55 | 4/4 | 回复给出了安装流程的步骤，并指引查看安装指南或联系客服，具体可操作，但未提供预约短信等细节，略有不足。
[FAIL] raw_040714_f027f438 | 2/3 | 回复仅安抚未给出具体核查路径，未利用历史信息，缺乏可执行步骤。
[FAIL] raw_050373_074a0643 | 2/2 | 未区分换货与退款，未提供可执行路径，仅要求用户自行查看，缺乏实质性帮助。
[PASS] raw_021322_d547299d | 5/5 | 回复直接给出未出库和已出库两种方案，具体可操作，符合人工标准。
[PASS] raw_011080_0a3d577e | 4/4 | 回复确认了用户先测试原装线，并给出了后续路径（提供订单号提交售后），利用了历史信息，但未主动提及售后政策已说明，略有不足
[PASS] raw_041767_dcdbabc0 | 4/5 | 回复直接解决了用户问题，给出了等待和后续联系客服的具体路径，利用了历史信息，语气礼貌。
[PASS] raw_058587_ab2fa9df | 4/4 | 回复直接承诺记录并通知仓库，但未说明正品保障规则，略有不足。
[FAIL] raw_020989_34781d3d | 2/3 | 未提供联系配送员协商的具体路径，仅建议取消重购，未解决用户修改送货时间的诉求。
[PASS] dev_migrated_raw_019245_83bea3d7 | 5/5 | 回复礼貌确认问题解决，表达服务意愿，符合闲聊收尾场景，利用历史背景。
[PASS] raw_004780_f9a7dc5a | 4/4 | 回复直接给出了主产品退货路径，但未提及安装服务退货关联性和时效限制，略有不足。
[FAIL] raw_061652_767318f8 | 3/3 | 未利用历史中配送延迟未达承诺的愤怒情绪，未提及补偿申请路径，仅建议关注物流和联系客服，缺乏具体可执行步骤。
[FAIL] raw_012607_7e4e24f6 | 3/3 | 回复方向对但未提及补购安装服务，用户仍需自行联系，缺乏具体可执行路径。
[PASS] raw_041517_5b821275 | 4/4 | 回复给出了撤销退款的具体路径，但未提及签收后自动驳回退款，历史利用不足。
[FAIL] raw_041299_d1803c37 | 3/4 | 回复方向正确但缺乏具体可操作步骤，未提及查看详情页修改入口或联系配送员协商。
[PASS] raw_033287_c94eea81 | 4/5 | 回复确认用户先测试，并给出后续售后路径，利用历史信息，语气礼貌。
[PASS] raw_008930_228bef92 | 5/5 | 直接给出无法修改尺寸的明确信息，并提供取消重新下单的可执行路径，完全符合预期。
[FAIL] raw_038557_c383691e | 2/2 | 未识别套装商品不支持价保，错误引导用户重新下单，未给出正确替代方案。
[PASS] raw_029353_169ac2bc | 5/5 | 直接确认无货无法换货，给出具体操作路径，符合预期标准。
[PASS] raw_013772_cb9c9b47 | 4/5 | 直接回答了用户问题，给出了明确答案和后续步骤，但未提供具体联系方式，略有不足。
[FAIL] raw_039617_2681385d | 3/3 | 回复未提及确认收货后财务开票的关键流程，缺乏具体可操作步骤。
[PASS] raw_034908_83283a91 | 4/4 | 回复直接解决了用户改地址需求，给出了具体操作路径，但未提及售后入口，略有不足。
[PASS] raw_024356_c7546435 | 4/4 | 回复正确解释了价保规则，但未提及申请入口和审核细节，有帮助性略低。
[FAIL] raw_041351_549567ff | 3/4 | 回复解释了延迟原因，但未给出具体可操作路径，如查看物流轨迹或催促步骤。
[FAIL] raw_027499_3b1b89c9 | 3/4 | 回复方向正确但缺乏具体可操作步骤，如未说明如何关注更新或设置到货通知。
[FAIL] raw_042908_227d242d | 3/4 | 回复确认了备注需求，但未给出具体可执行路径（如站点暂存），缺乏可操作性。
[PASS] raw_013069_de11265e | 5/5 | 礼貌回应感谢，符合闲聊收尾场景，利用历史信息表达关怀。
[PASS] raw_038944_905cfe76 | 4/4 | 回复直接解答了拒收后果，并给出了具体操作路径，但未提及拦截快递等细节，略有不足。
[FAIL] raw_033111_791b25bd | 3/4 | 回复方向正确但缺乏具体可执行步骤，未提及联系配送员协商或拒收重下，与人工标准有差距。
[PASS] raw_028443_6bf0c528 | 4/4 | 回复利用了历史中送货背景，建议签收后自动取消退款，方向正确且可操作，但未提及拒收选项，略有不足。
[FAIL] raw_047661_f9bc8214 | 2/3 | 回复仅反问用户，未提供任何取消订单的具体操作路径或条件，用户无法直接解决问题。
[PASS] raw_037393_5daac359 | 5/5 | 直接准确回答了用户问题，提供了电话号码，符合预期。
[PASS] raw_021560_20772742 | 4/5 | 回复准确利用历史确认改电话，给出已发货无法修改及联系快递员协商的可行路径，语气礼貌。
[PASS] raw_005032_c1cf7828 | 5/5 | 回复直接给出具体操作路径，利用历史信息，准确引导用户申请补发。
[FAIL] raw_057014_d6c074d0 | 3/3 | 未利用历史中配送中需等反馈的信息，未给出预计时效，仅泛泛说明退款流程。
[FAIL] raw_059879_6b9582f2 | 2/2 | 未利用历史中成都仓库信息，未确认发货地或预计送达时间，回复笼统无具体步骤。
[FAIL] raw_002229_aefb8253 | 3/4 | 回复方向正确但缺乏具体可操作步骤，未利用历史中用户多次去提货点的信息给出联系站点优先配送或自提的具体路径。
[PASS] raw_054744_716c4e9b | 4/4 | 回复直接解答了费用查询和自提点查询方法，给出了具体路径，但费用规则未明确说明是否免费，略有不足。
[FAIL] raw_032786_e467921d | 2/3 | 仅索要订单号，未提供任何售后政策或操作步骤，用户无法直接解决问题。
[FAIL] raw_032346_07a498c8 | 2/3 | 仅索要订单号，未提供任何实质性帮助或可执行路径。
[PASS] raw_047181_50b04889 | 4/4 | 回复直接回答了用户问题，给出了可执行路径，但未提及备选方案，略有不足。
[FAIL] raw_060484_3d70b1a8 | 3/3 | 未利用历史中中午封门和鲜花易损信息，未给出联系站点催促或售后维权等具体方案。
[FAIL] raw_032673_9726b4d2 | 3/3 | 回复方向正确但缺乏具体可操作步骤，未提及售后流程具体选项，也未利用历史中补偿诉求。
[PASS] raw_043915_8b26cd2a | 4/4 | 回复分析了可能原因并建议联系人工，符合预期，但未明确提及不符合退货条件。
[FAIL] raw_029844_d62f069f | 3/3 | 回复未针对用户查不到订单信息的问题给出具体操作路径，仅提供通用建议，缺乏针对性。
[FAIL] raw_007724_0af2207c | 3/4 | 回复方向正确但缺乏具体可操作步骤，未给出App内搜索自提点的具体路径，历史利用不足。
[PASS] raw_003137_94af1481 | 4/4 | 回复区分了未出库和已出库情况，给出了具体操作建议，但未提及拦截或取消重下，略有不足。
[FAIL] raw_028992_a7dc272f | 3/4 | 回复有道歉和跟进，但未给出具体平台介入路径，缺乏可操作步骤。
[FAIL] raw_054330_c7bbd8ed | 3/3 | 回复方向正确但缺乏具体可操作步骤，未说明退款审核时效和原路返回，用户仍不知具体等待时间。
[PASS] raw_040266_da0bbb49 | 5/5 | 回复直接确认用户意图，给出明确可执行路径，利用历史信息，无风险。
[PASS] raw_036937_8fc84a17 | 4/4 | 回复分别给出了改地址和取消订单的路径，具体可操作，但未提及联系在线客服的备选方案。
[FAIL] raw_055744_5b5dade2 | 3/4 | 回复重复了历史中的售后政策，但未直接回应用户想等用再买的顾虑，缺乏具体建议或打消顾虑的表述。
[PASS] raw_043424_e86fa970 | 5/5 | 回复直接给出申请售后的具体路径，包含道歉和操作指引，完全符合预期。
[FAIL] raw_035308_e848c38b | 3/3 | 未利用历史中取消订单信息，未说明优惠券自动返还，仅建议使用其他优惠券，缺乏具体可操作步骤。
[PASS] raw_036042_2beab24c | 4/4 | 回复给出了替代方案，但缺少道歉，语气体验稍弱。
[FAIL] raw_040501_34c91a14 | 2/2 | 回复仅索要手机号，未利用历史信息告知再次联系或保持畅通，缺乏实质性帮助。
[FAIL] raw_032667_e115192c | 1/1 | 用户问如何验证正品，回复却教售后流程，完全答非所问。
[PASS] raw_000683_972e7226 | 5/5 | 直接回答了E卡付款和余额不足时如何组合支付，步骤清晰可操作。
[PASS] raw_040555_e0a6716f | 4/4 | 回复直接说明无法修改配送时间，并给出取消重下的可行方案，具体可操作，语气礼貌。
[PASS] raw_028511_c8c9d3ab | 4/5 | 回复直接告知无法拆分，并给出可操作建议（分别下单），准确且礼貌。
[FAIL] raw_047722_2e33c07e | 3/3 | 回复未提及自动退款，仅建议查看物流和联系客服，缺乏具体可执行路径。
[FAIL] raw_008012_0d888da6 | 2/2 | 回复未利用历史约定，仅让等待，未提供具体行动路径，如联系客服确认进度。
[FAIL] raw_059982_5b256ff6 | 2/3 | 回复未直接解决用户取消价保并退款的诉求，反而反问是否取消整个订单，未提供可执行路径。
[FAIL] raw_061760_009b42e3 | 2/3 | 未利用历史中用户担心重新下单价格差的问题，未给出具体可执行路径，仅泛泛说明赔付流程。
[PASS] raw_006150_18410b42 | 5/5 | 回复直接解决用户对镜头质量的担忧，给出具体售后路径，语气安抚，利用历史信息，完全符合标准。
[PASS] raw_016750_27a70295 | 4/4 | 回复直接回答了京东卡支付问题，给出了可操作路径，符合预期标准。
[FAIL] raw_055535_6e96478f | 3/3 | 未利用历史中用户找不到地址的困惑，未明确告知退货地址在App退货页面，仅重复自提点选择，缺乏具体可执行路径。
[FAIL] raw_017507_fba05973 | 3/4 | 回复未直接给出取消重下的明确路径，而是建议查看修改按钮或联系客服，缺乏具体可操作步骤。
[PASS] raw_007236_284fbc78 | 5/5 | 直接说明无法恢复，给出具体替代方案（重新下单按钮）和后续步骤，语气礼貌，无风险。
[FAIL] raw_010194_e1f9b562 | 3/3 | 回复未利用历史确认商品和降价抱怨，仅给出通用规则，缺乏具体操作和结果，用户仍需自行查找。
[FAIL] raw_032231_6a1b2f46 | 3/4 | 回复表示联系处理，但未给出具体可执行路径或结果，缺乏可操作性。
[FAIL] raw_005766_14a0e76d | 1/1 | 回复完全忽略用户问题，未处理旧拍归属诉求，也未利用历史信息，属于答非所问。
[FAIL] raw_022518_4e610d81 | 3/3 | 未利用历史中用户不想让对方看到价格的需求，未说明电子发票不随商品寄出，建议不够具体。
[PASS] raw_037530_023543f1 | 4/4 | 回复给出了具体可执行路径：联系厂家售后热线，提供订单信息，并提示在订单详情页查看联系方式。但未给出预计时间，略有不足。
[PASS] raw_059790_27c4c5c4 | 4/5 | 回复直接说明无法修改，给出转寄和沟通配送员的具体路径，符合预期标准。
[PASS] raw_048708_2edb6cd6 | 4/5 | 回复直接说明无法修改，并给出转寄、拒收重下等替代方案，具体可操作，语气礼貌。
[PASS] raw_022456_32ed8d91 | 4/4 | 解释了差异原因并引导查看订单详情页，具体可操作，语气礼貌，无风险。
[PASS] raw_020335_11614bd4 | 5/5 | 直接回答了用户关于满减是否限一件的问题，准确且简洁。但未利用历史中用户未提供订单号的信息，且未引导查看规则，略有不足。
[PASS] raw_027986_1ce04d65 | 4/5 | 回复准确解释了无法补发的原因，并给出了换货建议，但未提供具体操作入口，略有不足。
[PASS] raw_012750_4818183c | 4/4 | 回复分别回答了发票和延保单问题，给出了可操作路径，但延保单获取方式不够具体。
[PASS] dev_migrated_raw_002420_209913ba | 5/5 | 回复礼貌回应感谢，并主动询问是否还有其他问题，符合闲聊收尾场景，完美。
[PASS] raw_055857_99139582 | 5/5 | 直接回答不包含眼镜盒，并给出可操作建议，准确且有帮助。
[PASS] raw_058298_a2eee4aa | 4/4 | 回复利用了历史缺货信息，给出了查看订单详情页的具体路径，但未明确提及补货预计一周，略有不足。
[PASS] raw_026491_5f0ca439 | 5/5 | 直接确认用户问题，给出明确可执行路径，符合预期。
[PASS] raw_056033_852e03c7 | 4/4 | 回复直接回应了用户问题，给出了预计今天送达但以实际为准，并提供了查看物流详情页和联系快递公司的具体路径，语气礼貌，无风险
[FAIL] raw_062310_352f79ec | 2/2 | 回复解释了原因但未给出可执行路径，如查看售后进度或分别到账说明。
[PASS] raw_049535_44b7eaa2 | 5/5 | 回复礼貌收尾，确认用户无其他问题并承诺跟进，符合闲聊收尾场景。
[PASS] raw_064271_927e7a15 | 5/5 | 直接回答了用户两个问题：补开发票和无需退货，给出具体路径，准确且有帮助。
[FAIL] raw_042059_1e5082f7 | 3/4 | 回复表达了理解和安抚，但未给出具体处理进度或可执行路径，如退款时间或查看方式，缺乏具体性。
[PASS] raw_006549_f1173564 | 4/4 | 回复提供了修改地址的可行路径（联系快递转寄或拒收重下），但未提及确认库存和价格，略有不足。
[FAIL] raw_024563_3f279b85 | 3/4 | 回复方向正确但缺乏具体步骤，如未提及检查物流详情、确认代收、申请售后等可操作路径。
[FAIL] dev_migrated_raw_011684_52ebc4e6 | 3/4 | 回复道歉并给出查看物流和催件建议，但未提及升级专员跟进，缺乏具体可执行路径。
[FAIL] raw_058699_3cd2aba8 | 3/4 | 回复方向正确，但未利用历史缺货信息，且缺乏具体可执行步骤，如建议关注物流更新。
[FAIL] raw_064262_5286db14 | 3/3 | 未道歉安抚，未提及拍照留证等具体步骤，缺乏可操作性。
[FAIL] raw_045242_87cce0da | 2/3 | 未利用历史中用户反复追问的背景，回复与之前相同，缺乏具体建议。
[FAIL] raw_010934_7e3b933f | 3/3 | 回复方向正确但缺乏具体可操作步骤，未提及登记地址修改等具体流程。
[PASS] raw_059223_f052ade2 | 4/5 | 回复直接给出拒收和重新下单的路径，准确回应问题，语气礼貌，无风险。
[PASS] raw_017957_46035bf8 | 4/4 | 回复提供了联系配送员、查看联系方式、延迟配送等具体路径，但未提及配送员会电话联系，略有不足。
[PASS] raw_013064_52f106bb | 5/5 | 直接回答快递员会电话联系，并给出查看物流和联系快递公司的具体路径，完整解决用户问题。
[FAIL] raw_062962_f45876b2 | 3/3 | 回复给出了优化完成时间，但未提供具体可执行路径，如建议先下单后续补发权益，缺乏操作指导。
[PASS] raw_001107_656f8fa7 | 5/5 | 直接给出安装轮胎的具体操作路径，包括搜索和预约，可执行性强。
[PASS] raw_017597_656e918f | 4/4 | 回复直接给出了可执行路径（联系快递员、使用联系快递功能、申请延迟配送），准确回应了用户诉求，语气礼貌有同理心。
[FAIL] raw_061296_c5beaf6e | 3/3 | 回复方向正确但不够具体，未提及京东金融App或优惠券入口，用户无法直接操作。
[PASS] raw_001109_d53c7083 | 4/5 | 回复准确告知安装码发送到下单手机号，并引导确认，符合预期。
[PASS] raw_050369_810ee0b2 | 4/4 | 回复分别回答了预约安装和水龙头问题，给出了可执行建议，但水龙头部分未明确告知是否包含，需用户自行确认。
[PASS] raw_010322_da27dfd4 | 4/4 | 回复直接解答发票问题，给出查看物流和联系客服的路径，利用历史信息，但未明确提及出库状态，略有不足。
[PASS] raw_025440_bea59cff | 5/5 | 回复礼貌收尾，符合用户结束对话的意图，且未遗漏历史关键信息。
[FAIL] raw_055906_0900418d | 3/4 | 回复方向正确但缺乏具体可操作步骤，未利用历史确认商品信息，未提供自助修改入口或联系配送员的具体方式。
[FAIL] raw_017043_3404afcc | 3/4 | 未利用历史中缺保护套的背景，未提及补发，仅建议查看库存和退货重下单，缺乏针对性。
[FAIL] raw_009105_9e1e2a4d | 3/3 | 未利用历史已签收信息，未说明质检流程和预计时间，缺乏具体可操作步骤。
[FAIL] raw_004486_2e709acf | 3/4 | 回复未利用历史落差，未道歉解释原因，未提供加急催件等具体行动，仅建议查看和联系，缺乏可操作性。
[FAIL] raw_050713_0d51e6e9 | 2/3 | 未利用用户手机端信息给出具体路径，仅重复历史，缺乏可操作步骤。
[PASS] raw_029534_ec29c002 | 4/4 | 回复直接给出取消重下或拦截转寄的路径，但未提醒注意库存价格，历史信息未充分利用。
[PASS] raw_003236_12236c82 | 5/5 | 直接确认用户需求，给出明确备注操作，语气礼貌，无风险。
[FAIL] raw_036507_27fe7249 | 3/4 | 回复方向正确但缺乏具体可操作步骤，未利用历史中退货入库可能恢复库存的信息，建议更具体。
[PASS] raw_056911_7ec29b3e | 5/5 | 直接解决用户疑虑，明确无需收货，利用历史信息，给出可执行路径。
[FAIL] dev_migrated_raw_030634_db9c464d | 3/3 | 未先道歉安抚，未利用历史确认运费补偿规则，回复笼统无具体路径。
[FAIL] raw_032125_813a9dc6 | 3/3 | 回复方向正确但缺乏具体可操作步骤，未明确解释原因或给出具体路径。
[FAIL] raw_022336_2cf9725b | 3/4 | 回复确认缺货但未给出具体补货时间或可执行路径，缺乏具体操作指导。
[PASS] raw_011903_25649ff6 | 4/4 | 回复道歉并给出具体路径（检查包裹、联系售后、提交申请），但未主动提及核实配件和提供凭证，略有不足。
[PASS] raw_001302_ef17b7cc | 5/5 | 直接提供厂家电话，并说明安装费用需联系厂家确认，具体可操作，符合预期。
[PASS] raw_060142_ccbcd858 | 5/5 | 直接回答用户是否需要先还白条，明确告知不需要，并说明差价返还路径，完全符合预期。
[FAIL] raw_016950_fe3cc12e | 3/4 | 回复解释了价格变动原因，但未提供具体可操作步骤，如关注降价推送或查看活动规则，缺乏可执行路径。
[FAIL] raw_063592_c72044f4 | 2/3 | 回复只是反问确认，未给出任何修改取件地址的具体操作路径，用户无法执行下一步。
[FAIL] raw_019493_caa7f643 | 2/2 | 未利用历史中系统无法修改的信息，建议联系平台客服与之前矛盾，未解决用户报销问题。
[PASS] raw_056523_d2651524 | 4/5 | 回复直接说明缺货状态，建议查看订单详情页或联系平台客服，给出了可执行路径，语气礼貌。
[PASS] raw_040436_41f4da65 | 4/5 | 回复直接说明了发票开具时效和查看路径，但未提及历史中的退款问题，历史利用一般。
[PASS] raw_003732_61e4ca6d | 5/5 | 回复直接理解用户顾虑，确认提前预约，符合预期标准，语气体贴。
[FAIL] raw_041129_2e75aa5f | 3/3 | 回复建议退货重买而非换货，与用户换货诉求不符，且未提及换货条件及入口。
[FAIL] raw_055181_c2d3264d | 3/3 | 回复过于笼统，未利用历史中用户对质量的担忧，未给出具体质检承诺或售后路径。
[FAIL] raw_011871_bbd14cae | 3/4 | 回复方向正确但缺乏具体可操作步骤，如未说明如何取消订单或提供换货方案。
[PASS] raw_062223_d0dfa9fd | 5/5 | 直接回答用户问题，明确告知不需要联系厂家，并承诺跟进，符合预期。
[PASS] raw_018030_dbb58b6f | 4/4 | 回复利用了历史中只能修改末级地址的信息，给出了尝试修改和联系快递转寄的建议，但未提及拒收选项。
[PASS] dev_migrated_raw_003946_e26a581a | 4/4 | 回复直接给出了查看订单和联系客服的路径，但未明确说明安装是否收费，略有不足。
[FAIL] raw_010117_972b5bef | 3/3 | 回复未利用送人场景推荐，仅泛泛建议查看页面，缺乏具体可操作步骤。
[PASS] raw_008176_0b13e4b9 | 4/4 | 回复道歉并给出具体路径（重新提交、联系客服），但未明确检查必填项和凭证，略有不足。
[FAIL] raw_048752_09328bf1 | 2/2 | 未直接解决用户要纸质发票的诉求，仅说可自行打印或联系客服，缺乏具体路径。

Judged: 150, failed API calls: 0

=== Overall Metrics ===
  total: 150
  通过数: 76
  通过率: 50.7
  自动解决率: 84.0
  准确率: 91.3
  各维度均分: {'需求解决': 3.54, '回答准确': 3.85, '有帮助性': 3.5, '语气体验': 4.1, '风险控制': 4.95, '历史利用': 3.5}
  失败标签分布: {'too_generic': 39, 'history_ignored': 18, 'missing_action': 13, 'wrong_intent': 3, 'overpromise': 1}

Report: /data2/songxinshuai/linsihan/ecommerce_assistant/docs/results/lora_ablation_jddc_rebuild_v2/rank16_qv_qlora/judge_results/judge_report.json
Markdown: /data2/songxinshuai/linsihan/ecommerce_assistant/docs/results/lora_ablation_jddc_rebuild_v2/rank16_qv_qlora/judge_results/judge_report.md
