Matched: 150, skipped (no annotation): 0
[PASS] raw_003471_3818c415 | 5/5 | 礼貌回应感谢，符合闲聊收尾场景，无风险，利用历史表达服务意愿。
[PASS] raw_028009_b9630665 | 5/5 | 简短礼貌收尾，符合闲聊场景，用户问题已解决。
[FAIL] raw_039961_13998282 | 3/3 | 回复未直接解决用户对正品的质疑，未提供防伪码等具体验证方法，仅建议查看说明书，缺乏可操作步骤。
[PASS] raw_003040_496db22f | 4/5 | 回复直接告知电子发票及自动开具，并提示在订单详情页查看，但未给出具体操作步骤，略有不足。
[PASS] raw_014585_336a2bb8 | 4/5 | 回复准确解释了预售商品发货时间，并引导查看订单详情页和联系客服，但未主动催促发货，略有不足。
[FAIL] raw_043192_b89cb5ed | 3/4 | 回复确认了送达时间，但未提供催促或加快的具体路径，缺乏可操作步骤，语气较生硬。
[PASS] raw_003002_43117416 | 4/4 | 回复给出了预计送达时间和查看物流的路径，具体可操作，语气礼貌。
[FAIL] raw_019783_c9b93a90 | 3/4 | 回复方向正确但缺乏具体可操作步骤，未给出如何领大件商品券的明确路径。
[FAIL] raw_016366_9145024e | 2/3 | 未利用历史中两个订单的信息，仅要求提供订单号，缺乏具体可执行路径。
[FAIL] raw_048599_f9febd9c | 3/4 | 回复给出了协商时间或放代收点的建议，但未利用历史中已安排上门换新的信息，未说明配送员会联系约定时间，缺乏具体可执行路径。
[FAIL] raw_056095_ad102e06 | 3/3 | 用户问发票邮寄时间，但回复说电子发票不邮寄，未直接回答邮寄时间，且未引导查看开票进度。
[FAIL] raw_001198_762b1226 | 3/3 | 未利用用户要回老家的紧迫感，未给出催促路径，仅建议关注物流，缺乏具体可操作步骤。
[PASS] raw_006639_5f3f9745 | 5/5 | 直接回答缺货和预计发货时间，给出查看路径，语气礼貌，无风险。
[FAIL] raw_034699_f6c8b789 | 2/3 | 回复仅索要订单号，未提供任何取消操作指引，不符合预期标准。
[PASS] raw_025447_7aac8e55 | 5/5 | 回复直接给出了安装流程的具体步骤和注意事项，用户可执行，准确且有帮助。
[FAIL] raw_040714_f027f438 | 3/3 | 回复仅安抚和承诺处理，未给出具体核查路径或可操作步骤，缺乏实质性帮助。
[FAIL] raw_050373_074a0643 | 3/3 | 回复未区分换货与退款差异，未明确换货不产生退款，缺乏具体操作步骤。
[PASS] raw_021322_d547299d | 4/4 | 回复区分了未出库和已出库两种情况，给出了可执行路径，但未提及转寄或代收，略有不足。
[PASS] raw_011080_0a3d577e | 4/5 | 回复确认用户测试原装线，并给出后续路径，利用历史信息，语气礼貌。
[PASS] raw_041767_dcdbabc0 | 4/4 | 回复直接解释了赠送天数生效时间，并引导查看，符合预期。
[FAIL] raw_058587_ab2fa9df | 3/3 | 回复过于简单，未说明正品保障和规则，缺乏具体可执行信息。
[FAIL] raw_020989_34781d3d | 3/4 | 回复方向正确但缺乏具体可操作步骤，未说明如何联系配送员协商，与人工预期标准有差距。
[PASS] dev_migrated_raw_019245_83bea3d7 | 5/5 | 回复礼貌收尾，确认问题解决，表达服务意愿，符合闲聊收尾场景。
[FAIL] raw_004780_f9a7dc5a | 3/4 | 回复方向正确但缺乏具体可操作步骤，如未说明退货时效、未利用历史信息给出主产品退货路径与安装服务的关联。
[FAIL] raw_061652_767318f8 | 3/3 | 回复方向正确但缺乏具体可执行路径，未明确告知如何申请补偿或查看赔付规则。
[FAIL] raw_012607_7e4e24f6 | 3/3 | 回复方向对但未提及补购安装服务，与人工标准不符，缺乏具体可操作步骤。
[FAIL] raw_041517_5b821275 | 2/2 | 回复未提供取消退款的具体操作路径，仅建议拒收，未引导正常收货或告知签收后自动驳回退款。
[FAIL] raw_041299_d1803c37 | 3/3 | 回复方向正确但缺乏具体可操作步骤，未提及订单详情页修改入口或联系配送员协商的具体方式。
[PASS] raw_033287_c94eea81 | 4/5 | 回复确认用户先测试，并给出后续售后路径，符合预期，利用历史信息。
[PASS] raw_008930_228bef92 | 5/5 | 直接说明无法修改尺寸，给出取消重下或收货后退换货的具体路径，符合预期标准。
[FAIL] raw_038557_c383691e | 2/2 | 回复未识别用户意图是套装商品价保，错误要求提供订单信息，未按规则说明不支持价保及替代方案。
[PASS] raw_029353_169ac2bc | 5/5 | 直接确认无货无法换货，给出退货退款建议和具体操作路径，准确且可执行。
[PASS] raw_013772_cb9c9b47 | 4/5 | 直接回答了用户问题，给出了可操作路径，但未提及自提点场景的特殊性。
[FAIL] raw_039617_2681385d | 3/3 | 回复未按预期引导确认收货后申请开票，缺乏具体可执行步骤。
[PASS] raw_034908_83283a91 | 4/4 | 回复直接解决了用户改地址需求，给出了可操作路径，但未明确提及在售后入口修改地址，略有不足。
[FAIL] raw_024356_c7546435 | 3/3 | 回复确认了价保规则，但未提供具体入口和审核说明，缺乏可操作步骤。
[PASS] raw_041351_549567ff | 4/4 | 回复解释了物流未更新的原因，给出了查看物流和联系快递的具体路径，语气礼貌，符合预期。
[PASS] raw_027499_3b1b89c9 | 4/5 | 回复直接给出预计补货时间，并建议查看商品页面或联系客服，具体可操作。
[PASS] raw_042908_227d242d | 4/4 | 回复利用了历史中配送员会提前联系的信息，主动备注延迟配送，但未提及站点暂存等具体方案，略有不足。
[PASS] raw_013069_de11265e | 5/5 | 礼貌回应感谢，并主动询问其他需求，符合闲聊收尾场景，利用历史信息恰当。
[PASS] raw_038944_905cfe76 | 4/4 | 回复直接解决了用户对拒收后果的疑问，提供了具体操作路径，语气礼貌，无风险编造。
[FAIL] raw_033111_791b25bd | 3/4 | 回复方向正确但缺乏具体可执行步骤，未提及联系配送员或拒收重下等关键操作。
[PASS] raw_028443_6bf0c528 | 4/4 | 回复利用了历史中撤销与送货同时发生的情况，给出了签收后自动取消或拒收的路径，具体可操作，但未明确说明退款申请会自动取消的
[FAIL] raw_047661_f9bc8214 | 2/3 | 回复仅询问原因，未提供取消订单的具体操作路径，用户无法直接解决问题。
[FAIL] raw_037393_5daac359 | 3/4 | 回复方向正确但缺乏具体操作指引，未说明如何查看订单详情页，用户仍不知具体步骤。
[PASS] raw_021560_20772742 | 5/5 | 直接区分未出库和已出库情况，给出具体操作路径，符合人工标准。
[PASS] raw_005032_c1cf7828 | 5/5 | 直接给出具体操作路径，利用历史确认漏发和地址不变，引导申请售后补发，符合预期。
[FAIL] raw_057014_d6c074d0 | 3/4 | 未利用历史中地址写错背景，未给出预计时效，缺乏具体可操作步骤。
[FAIL] raw_059879_6b9582f2 | 2/3 | 未确认发货仓库和预计送达时间，仅说尽快发货，缺乏具体可执行信息。
[FAIL] raw_002229_aefb8253 | 3/4 | 回复方向正确但缺乏具体可操作步骤，未利用历史中用户多次去提货点的信息给出联系站点优先配送或自提的路径。
[PASS] raw_054744_716c4e9b | 4/4 | 回复给出了查询费用和自提点的具体路径，但未说明费用通常免费，略有不足。
[FAIL] raw_032786_e467921d | 2/3 | 仅索要订单号，未提供任何可执行路径或售后入口，用户无法直接操作。
[FAIL] raw_032346_07a498c8 | 2/3 | 回复仅索要订单号，未提供任何实质性帮助或可执行路径，不符合人工标准中的引导核对包裹和售后流程。
[PASS] raw_047181_50b04889 | 4/5 | 回复直接解决了用户问题，给出了可执行路径，但未提及备选方案，略有不足。
[FAIL] raw_060484_3d70b1a8 | 2/3 | 未利用历史中用户强调中午封门和鲜花易损的关键信息，未给出具体可执行路径，仅重复无法保证时间。
[FAIL] raw_032673_9726b4d2 | 2/2 | 未利用历史中用户想补偿的诉求，未道歉，未建议售后流程，仅让看视频，缺乏可操作步骤。
[PASS] raw_043915_8b26cd2a | 4/4 | 回复分析了用户找不到退货选项的可能原因，并提供了联系人工客服的具体方式，符合预期标准。
[FAIL] raw_029844_d62f069f | 3/4 | 回复安抚了用户，但未提供具体操作路径，用户仍不知如何查询或跟进，缺乏可执行步骤。
[FAIL] raw_007724_0af2207c | 2/2 | 未利用历史中用户想查重庆洋人街附近自提点的信息，直接给出沙坪坝站，且未提供查询方法。
[PASS] raw_003137_94af1481 | 5/5 | 回复区分了未出库和已出库状态，给出了具体操作路径，准确且可执行。
[FAIL] raw_028992_a7dc272f | 3/3 | 回复仅安抚未提供具体路径，如平台介入或跟进措施，缺乏可操作性。
[PASS] raw_054330_c7bbd8ed | 4/5 | 回复直接说明了退款审核时效和原路返回，并引导查看进度，符合预期标准。
[PASS] raw_040266_da0bbb49 | 5/5 | 回复直接确认用户意图，给出具体操作路径，利用历史信息，无风险。
[FAIL] raw_036937_8fc84a17 | 3/3 | 回复未给出具体可执行路径，如改地址未提及联系配送员，取消未说明具体操作页面，方向对但缺乏步骤。
[FAIL] raw_055744_5b5dade2 | 3/3 | 未利用历史中已告知的售后政策来打消用户顾虑，也未支持其需要时再买的决定。
[PASS] raw_043424_e86fa970 | 4/5 | 回复给出了具体操作路径，但缺少道歉，语气体验扣1分。
[PASS] raw_035308_e848c38b | 4/4 | 回复区分了未发货和已发货情况，给出了具体路径，但未引导查看优惠券页面，略有不足。
[PASS] raw_036042_2beab24c | 4/4 | 回复给出了替代方案，但缺少道歉，语气体验略低。
[FAIL] raw_040501_34c91a14 | 2/2 | 回复仅说备注，未利用历史信息给出具体后续步骤，如保持手机畅通、稍后再次致电。
[FAIL] raw_032667_e115192c | 2/2 | 未提供验证正品的方法，仅口头保证，且未利用历史订单信息。
[PASS] raw_000683_972e7226 | 5/5 | 直接回答了E卡付款和余额不足转银行卡的问题，给出了具体操作路径，准确且有帮助。
[FAIL] raw_040555_e0a6716f | 3/3 | 回复给出了取消重下的方案，但未直接回答是否可以延期，且未提及配送时联系等预期内容，缺乏具体可操作步骤。
[FAIL] raw_028511_c8c9d3ab | 3/4 | 回复方向正确但缺乏具体可操作步骤，未明确告知拆分规则或如何操作。
[PASS] raw_047722_2e33c07e | 4/4 | 回复解释了拒收后物流滞后及退款流程，给出了查看订单状态和等待退款的具体指导，符合预期标准。
[PASS] raw_008012_0d888da6 | 4/4 | 回复道歉并利用历史信息，给出查看物流和联系客服的具体路径，符合预期标准。
[FAIL] raw_059982_5b256ff6 | 3/3 | 回复未确认取消价保结果，退货指引不够具体，未提及退款进度查看。
[FAIL] raw_061760_009b42e3 | 2/2 | 回复过于笼统，未给出具体赔付流程或重新购买方案，未利用历史信息，缺乏可执行步骤。
[PASS] raw_006150_18410b42 | 4/5 | 回复直接解决用户对镜头质量的担忧，给出具体售后步骤，语气安抚，利用历史信息，但未强调收货先检查。
[FAIL] raw_016750_27a70295 | 3/3 | 回复直接否定了京东卡支付尾款，但未说明以结算页为准，缺乏具体可操作步骤。
[PASS] raw_055535_6e96478f | 4/4 | 回复给出了具体操作路径，但未明确提及退货地址在退货页面显示，略有不足。
[FAIL] raw_017507_fba05973 | 3/4 | 回复提供了部分可操作步骤，但未给出最直接的解决方案（取消重新下单），且未明确说明如何联系客服，缺乏具体路径。
[PASS] raw_007236_284fbc78 | 4/5 | 直接说明无法恢复，给出重新下单的替代方案，并额外提供发票信息，准确且有帮助。
[FAIL] raw_010194_e1f9b562 | 3/4 | 回复未利用历史确认商品，未说明价保规则符合，缺乏具体可执行步骤。
[FAIL] raw_032231_6a1b2f46 | 2/2 | 回复仅表示联系，未提供具体操作或结果，用户仍不知如何开通权限。
[FAIL] raw_005766_14a0e76d | 3/3 | 回复仅重复拒绝，未利用历史信息说明原因（如返厂规定），缺乏具体可执行路径，帮助性不足。
[FAIL] raw_022518_4e610d81 | 3/3 | 未利用历史中用户不想让对方看到价格的需求，未说明电子发票不随商品寄出，回复不够具体
[PASS] raw_037530_023543f1 | 5/5 | 直接给出预约安装的具体路径，用户可立即操作，符合预期。
[PASS] raw_059790_27c4c5c4 | 4/5 | 回复直接说明无法修改，给出转寄和拒收重下两个可执行方案，符合预期标准。
[PASS] raw_048708_2edb6cd6 | 5/5 | 直接说明无法修改，并给出转寄、拒收重下等可执行方案，符合预期。
[FAIL] raw_022456_32ed8d91 | 3/3 | 回复未解释差异原因，仅告知以页面为准，缺乏具体可操作步骤。
[PASS] raw_020335_11614bd4 | 4/4 | 回复直接回答了是否限一件，并给出了查看规则和结算页面的具体路径，但未利用历史中的订单号信息。
[PASS] raw_027986_1ce04d65 | 4/5 | 回复直接解决了用户问题，重申无法补发并给出换货路径，语气礼貌，利用历史信息，无风险。
[PASS] raw_012750_4818183c | 5/5 | 直接回答了发票类型和延保单获取方式，具体可操作，符合预期。
[PASS] dev_migrated_raw_002420_209913ba | 5/5 | 回复礼貌回应感谢，确认无其他问题，符合闲聊收尾场景。
[PASS] raw_055857_99139582 | 4/5 | 回复直接解答用户问题，给出查看详情页和联系客服的具体路径，准确且礼貌。
[FAIL] raw_058298_a2eee4aa | 3/4 | 回复未利用历史中补货一周的信息，且未给出具体可操作步骤，仅建议关注页面，缺乏具体性。
[PASS] raw_026491_5f0ca439 | 5/5 | 直接确认用户问题，给出明确可执行路径，符合预期标准。
[FAIL] raw_056033_852e03c7 | 3/3 | 回复未直接回答用户关于今天早上能否到达的问题，且未提供查看物流详情页的具体路径，缺乏可操作性。
[FAIL] raw_062310_352f79ec | 2/2 | 回复未解释多服务单分别处理，未给出查看售后进度等可执行路径，用户仍不知原因。
[PASS] raw_049535_44b7eaa2 | 5/5 | 用户收尾，AI礼貌回应，符合预期。
[PASS] raw_064271_927e7a15 | 4/5 | 直接回答了用户两个问题：可申请开票且无需退货重拍，但未说明具体路径（如订单详情页发票栏目），略有不足。
[FAIL] raw_042059_1e5082f7 | 3/4 | 回复表达了歉意和承诺，但未给出具体处理步骤或结果，缺乏可操作性。
[FAIL] raw_006549_f1173564 | 3/4 | 回复方向正确但缺乏具体可操作步骤，未提及取消重下及确认库存价格，与人工标准有差距。
[PASS] raw_024563_3f279b85 | 4/4 | 回复给出了查看物流、联系快递、提供手机号等具体步骤，但未提及他人代收和申请售后，略有不足。
[FAIL] dev_migrated_raw_011684_52ebc4e6 | 3/4 | 回复方向正确但缺乏具体可执行步骤，未提及催件或升级专员，历史利用不足。
[PASS] raw_058699_3cd2aba8 | 4/4 | 回复礼貌，但未利用历史缺货信息进行安抚，有帮助性略低。
[FAIL] raw_064262_5286db14 | 3/4 | 未利用历史中用户对时效的不满，未先道歉安抚，仅给出售后流程，缺乏共情和具体步骤。
[FAIL] raw_045242_87cce0da | 2/4 | 回复仅告知送不到，未给出任何可操作建议，如关注物流更新或联系站点，缺乏帮助性。
[FAIL] raw_010934_7e3b933f | 3/3 | 回复方向正确但缺乏具体可操作步骤，未提及大家电配送范围及登记审核流程。
[PASS] raw_059223_f052ade2 | 5/5 | 回复直接给出无法修改颜色的明确说明，并提供取消重下或退货重买的具体路径，准确且可操作。
[FAIL] raw_017957_46035bf8 | 3/3 | 回复方向正确但缺乏具体可操作步骤，未提及配送员电话联系和协商寄存点，用户仍需自行查找信息。
[PASS] raw_013064_52f106bb | 5/5 | 回复直接确认快递会电话联系，并给出具体操作建议，符合预期标准。
[FAIL] raw_062962_f45876b2 | 2/2 | 未直接回答优化完成时间，仅建议搜索或联系客服，缺乏具体可执行步骤。
[PASS] raw_001107_656f8fa7 | 4/4 | 回复提供了具体操作路径，但未提及订单详情页具体位置，略有不足。
[PASS] raw_017597_656e918f | 4/4 | 回复提供了具体操作路径（修改配送时间、联系快递），但未提及配送员协商，略低于人工标准。
[FAIL] raw_061296_c5beaf6e | 3/3 | 回复路径错误，应引导至京东金融App查看，而非首页搜索，缺乏具体可操作步骤。
[FAIL] raw_001109_d53c7083 | 3/3 | 回复未直接回应用户查询手机号的需求，仅重复历史信息，缺乏具体操作指引。
[PASS] raw_050369_810ee0b2 | 4/4 | 回复直接回答了水龙头和安装预约问题，但预约方式不够具体，未给出明确可执行路径。
[PASS] raw_010322_da27dfd4 | 4/4 | 回复利用了历史订单信息，给出了明确路径：关注详情页，未收到则联系客服。但未强调以出库后状态为准，略有不足。
[PASS] raw_025440_bea59cff | 5/5 | 用户表示无其他问题，AI礼貌收尾，符合预期。
[FAIL] raw_055906_0900418d | 3/4 | 回复方向正确但未利用历史确认商品，且未给出具体可操作步骤如自助修改入口或联系配送员方式。
[FAIL] raw_017043_3404afcc | 3/4 | 回复方向正确但缺乏具体可执行步骤，未利用历史中缺保护套的背景给出具体操作路径。
[FAIL] raw_009105_9e1e2a4d | 3/3 | 未利用历史中包裹已签收的信息，未说明质检流程和预计时间，仅给出通用流程，缺乏具体可操作步骤。
[FAIL] raw_004486_2e709acf | 3/4 | 未道歉安抚用户落差感，未提供加急催件选项，语气生硬，缺乏同理心。
[PASS] raw_050713_0d51e6e9 | 5/5 | 回复直接针对用户手机端操作需求，给出具体路径，准确利用历史信息。
[PASS] raw_029534_ec29c002 | 4/4 | 回复直接给出取消重下或拒收的路径，准确且可操作，但未提醒注意库存价格，历史利用一般。
[PASS] raw_003236_12236c82 | 5/5 | 直接确认用户需求并给出可执行路径，语气礼貌，无风险。
[FAIL] raw_036507_27fe7249 | 3/4 | 回复未利用历史中退货入库可能恢复库存的信息，建议不够具体，缺乏可操作步骤。
[PASS] raw_056911_7ec29b3e | 5/5 | 直接确认无需收货，利用历史中用户不想收货的意愿，给出明确可执行路径。
[FAIL] dev_migrated_raw_030634_db9c464d | 2/3 | 未直接回答运费补偿问题，仅建议寄回，缺乏具体补偿路径，未利用历史情绪升级信息。
[FAIL] raw_032125_813a9dc6 | 3/3 | 回复方向正确但缺乏具体解释，未说明库存或运力变化原因，用户仍不知为何差异。
[PASS] raw_022336_2cf9725b | 4/5 | 直接回答缺货并给出补货时间，提供了查看库存和关注通知的具体路径，语气礼貌。
[PASS] raw_011903_25649ff6 | 4/4 | 回复道歉并给出查看售后进度、联系客服、申请补发等具体路径，但未主动提出核实配件去向，略欠主动。
[PASS] raw_001302_ef17b7cc | 5/5 | 直接提供厂家电话，明确说明安装费用情况，具体可操作，符合预期。
[PASS] raw_060142_ccbcd858 | 5/5 | 直接回答用户是否需要先还白条，明确告知不需要，并说明系统自动处理，符合预期。
[FAIL] raw_016950_fe3cc12e | 3/4 | 回复方向正确但缺乏具体可操作步骤，如未提及降价推送功能或查看活动规则的具体路径。
[FAIL] raw_063592_c72044f4 | 2/3 | 回复仅询问区名并说联系售后，未给出具体操作路径，用户无法自行操作。
[PASS] raw_019493_caa7f643 | 4/4 | 回复直接建议重新下单，但未提及联系报销单位确认，略欠全面，但整体可行。
[PASS] raw_056523_d2651524 | 4/5 | 回复直接说明缺货和补货时间，给出查看订单详情页和联系客服的具体路径，符合预期标准。
[FAIL] raw_040436_41f4da65 | 2/2 | 用户询问发票开具进度，回复却问是否修改信息，未解决核心诉求，偏离意图。
[PASS] raw_003732_61e4ca6d | 4/4 | 回复理解用户顾虑，确认会提前预约，并给出具体建议，符合人工标准。
[PASS] raw_041129_2e75aa5f | 4/4 | 回复确认换货并给出具体入口，但未提及不影响二次销售等条件，略有不足。
[FAIL] raw_055181_c2d3264d | 3/4 | 回复过于笼统，未提及具体质检流程或售后保障，缺乏可操作步骤。
[FAIL] raw_011871_bbd14cae | 3/4 | 回复方向正确但缺乏具体可操作步骤，未提供换货或退货等具体方案。
[PASS] raw_062223_d0dfa9fd | 5/5 | 直接回答用户问题，明确告知不需要联系厂家，并承诺跟进，符合预期。
[FAIL] raw_018030_dbb58b6f | 3/4 | 回复未利用历史中只能修改末级地址的信息，未给出联系快递转寄的具体建议，仅提供取消或拒收，缺乏可操作路径。
[FAIL] dev_migrated_raw_003946_e26a581a | 3/3 | 未利用历史中用户已提及送货师傅未告知安装服务，回复笼统，缺乏具体可执行步骤。
[FAIL] raw_010117_972b5bef | 2/2 | 未利用历史中送人场景，仅建议搜索，缺乏具体推荐和可操作步骤。
[PASS] raw_008176_0b13e4b9 | 4/5 | 回复直接解决了用户问题，给出了具体操作步骤和备选方案，语气礼貌，符合标准。
[PASS] raw_048752_09328bf1 | 4/5 | 回复明确说明无法提供纸质发票，并给出电子发票查看路径，但未提及开具时效，略有不足。

Judged: 150, failed API calls: 0

=== Overall Metrics ===
  total: 150
  通过数: 74
  通过率: 49.3
  自动解决率: 85.3
  准确率: 92.0
  各维度均分: {'需求解决': 3.53, '回答准确': 3.91, '有帮助性': 3.47, '语气体验': 4.15, '风险控制': 4.97, '历史利用': 3.53}
  失败标签分布: {'too_generic': 48, 'missing_action': 14, 'history_ignored': 11, 'wrong_intent': 2, 'tone_poor': 1}

Report: /data2/songxinshuai/linsihan/ecommerce_assistant/docs/results/lora_ablation_jddc_rebuild_v2/rank16_all_linear_qlora/judge_results/judge_report.json
Markdown: /data2/songxinshuai/linsihan/ecommerce_assistant/docs/results/lora_ablation_jddc_rebuild_v2/rank16_all_linear_qlora/judge_results/judge_report.md
