Matched: 150, skipped (no annotation): 0
[PASS] raw_003471_3818c415 | 5/5 | 简短礼貌回应感谢，符合闲聊收尾场景，语气友好。
[PASS] raw_028009_b9630665 | 5/5 | 简短礼貌收尾，符合闲聊场景，用户问题已解决。
[FAIL] raw_039961_13998282 | 3/3 | 回复未提供具体验证正品的方法（如防伪码、官网验证），仅建议查看详情页或联系客服，缺乏可操作步骤。
[PASS] raw_003040_496db22f | 5/5 | 回复直接给出了开票入口和操作步骤，具体可执行，语气礼貌，无风险。
[FAIL] raw_014585_336a2bb8 | 2/2 | 用户问发货时间，回复却称今天送达，答非所问，且未提供催发路径。
[FAIL] raw_043192_b89cb5ed | 3/4 | 回复方向正确但缺乏具体可执行步骤，未体现尽快安排或安抚情绪，与人工标准有差距。
[FAIL] raw_003002_43117416 | 1/1 | 用户询问货物几点到达，AI回复通用问候，完全未解决物流查询需求。
[FAIL] raw_019783_c9b93a90 | 3/3 | 回复方向正确但缺乏具体可操作步骤，未给出领大件商品券的明确路径。
[FAIL] raw_016366_9145024e | 2/2 | 未利用历史中两个订单的信息，回复模糊无具体步骤，用户不知下一步。
[FAIL] raw_048599_f9febd9c | 2/2 | 未利用历史中已安排上门换新的信息，反而引导用户自行申请售后，与历史矛盾，且未给出具体可执行路径。
[PASS] raw_056095_ad102e06 | 4/5 | 回复直接说明了发票邮寄时间，并给出了查看进度的具体路径，符合预期。
[FAIL] raw_001198_762b1226 | 3/3 | 未利用用户要回老家的紧迫信息，未安抚或给出催促路径，仅建议关注物流页，缺乏具体可执行步骤。
[FAIL] raw_006639_5f3f9745 | 3/4 | 回复方向正确但缺乏具体可操作步骤，未给出预计发货时间或具体查看路径。
[FAIL] raw_034699_f6c8b789 | 2/2 | 回复仅确认用户意图，未提供任何取消操作或后续步骤，缺乏实质性帮助。
[PASS] raw_025447_7aac8e55 | 4/4 | 回复给出了安装流程的步骤，但未提供具体预约方式，略有不足。
[FAIL] raw_040714_f027f438 | 2/3 | 回复仅说联系核实，未给出具体可执行路径，未安抚愤怒情绪，未利用历史信息。
[FAIL] raw_050373_074a0643 | 3/3 | 回复方向正确但未明确区分换货与退款，未给出查看售后单状态等具体步骤，缺乏可操作性。
[PASS] raw_021322_d547299d | 4/5 | 回复提供了具体操作路径：查看修改按钮、联系快递转寄，符合人工标准。
[PASS] raw_011080_0a3d577e | 4/5 | 回复确认用户测试原装线，并给出后续路径（提供订单号提交售后），利用历史信息，语气礼貌。
[PASS] raw_041767_dcdbabc0 | 4/4 | 回复给出了具体等待时间和查看路径，但未直接利用历史中用户已开通的信息，稍显通用。
[FAIL] raw_058587_ab2fa9df | 3/3 | 回复过于笼统，未明确承诺原装出库或说明正品保障，缺乏具体可执行步骤。
[FAIL] raw_020989_34781d3d | 2/3 | 未提供联系配送员协商的具体路径，仅建议取消重下，未解决用户修改送货时间的诉求。
[PASS] dev_migrated_raw_019245_83bea3d7 | 5/5 | 回复礼貌感谢，确认问题解决，表达服务意愿，符合闲聊收尾场景。
[PASS] raw_004780_f9a7dc5a | 4/4 | 回复直接给出了退货路径和注意事项，利用了历史信息，但未提及二手平台备选，略有不足。
[FAIL] raw_061652_767318f8 | 3/3 | 回复未明确提及延迟配送补偿路径，仅建议联系快递和申请售后，缺乏具体可执行步骤。
[PASS] raw_012607_7e4e24f6 | 4/4 | 回复提供了具体操作路径：修改订单或联系客服，但未提及补购安装服务，略有不足。
[PASS] raw_041517_5b821275 | 4/4 | 回复给出了取消订单的具体路径和后续处理方式，但未提及签收后自动驳回退款，历史利用不足。
[PASS] raw_041299_d1803c37 | 4/4 | 回复给出了具体操作路径，并提供了备选方案，符合预期。
[PASS] raw_033287_c94eea81 | 4/5 | 回复确认用户先测试，并给出后续售后路径，符合预期标准。
[PASS] raw_008930_228bef92 | 4/4 | 回复直接说明无法修改，并给出查看修改按钮、联系快递员或拒收重下等可操作路径，准确且具体。
[FAIL] raw_038557_c383691e | 2/2 | 回复未识别套装商品不支持价保，错误引导申请流程，未给出替代方案。
[FAIL] raw_029353_169ac2bc | 3/4 | 回复确认无货无法换货，但未提供退货退款的具体操作路径或售后入口，缺乏可执行步骤。
[FAIL] raw_013772_cb9c9b47 | 3/3 | 用户问能否用订单号去财务拿发票，回复未直接回答，而是建议电脑下载电子发票，偏离用户意图。
[FAIL] raw_039617_2681385d | 2/3 | 回复仅索要订单号，未提供具体可执行路径，如确认收货后申请开票。
[PASS] raw_034908_83283a91 | 5/5 | 直接回答可修改地址，给出具体操作路径，利用历史信息，无风险。
[PASS] raw_024356_c7546435 | 4/4 | 回复直接确认了价保规则，给出了申请入口和流程，但未提及价保周期，历史利用不足。
[FAIL] raw_041351_549567ff | 3/4 | 回复解释了原因并给出建议，但未提供具体可执行路径（如如何联系快递公司），缺乏催促步骤。
[FAIL] raw_027499_3b1b89c9 | 3/4 | 回复方向正确但缺乏具体可操作步骤，如未说明如何关注更新或设置到货通知。
[PASS] raw_042908_227d242d | 4/4 | 回复确认用户需求，利用历史信息给出协商方案，但未提及站点暂存等具体路径。
[PASS] raw_013069_de11265e | 5/5 | 礼貌回应感谢，并主动询问是否还有其他帮助，符合闲聊收尾场景，利用历史背景，语气得体。
[FAIL] raw_038944_905cfe76 | 3/3 | 回复未明确说明无额外费用或退款流程，缺乏具体可执行步骤。
[FAIL] raw_033111_791b25bd | 3/4 | 回复方向正确但缺乏具体可执行步骤，未提及联系配送员协商或拒收重下等关键操作。
[PASS] raw_028443_6bf0c528 | 4/4 | 回复利用了历史中用户撤销时送货的背景，给出了签收或拒收的路径，但语气稍显生硬，未先安抚。
[FAIL] raw_047661_f9bc8214 | 2/3 | 回复仅反问用户，未提供任何取消订单的具体操作路径或条件，用户无法直接解决问题。
[PASS] raw_037393_5daac359 | 5/5 | 直接准确回答了用户问题，提供了电话号码，完全解决需求。
[PASS] raw_021560_20772742 | 4/5 | 回复准确利用历史，给出具体建议，但未明确提及联系快递员改电话，稍显笼统。
[PASS] raw_005032_c1cf7828 | 5/5 | 直接给出具体操作路径，利用历史信息，可执行性强。
[FAIL] raw_057014_d6c074d0 | 3/4 | 未利用历史中地址写错背景，未说明配送中需等反馈，仅给出通用流程，缺乏针对性。
[FAIL] raw_059879_6b9582f2 | 2/3 | 未确认发货仓库，未提供预计送达时间，未打消用户疑虑，忽略历史信息。
[FAIL] raw_002229_aefb8253 | 3/4 | 回复未利用历史中用户多次去提货点的信息，未给出联系站点优先配送或自提的具体路径，仅建议查看物流或联系热线，缺乏可操作性。
[PASS] raw_054744_716c4e9b | 5/5 | 直接回答了费用查询方式和自提点查询路径，具体可操作。
[FAIL] raw_032786_e467921d | 2/3 | 仅索要订单号，未提供任何售后政策或操作步骤，用户无法自行解决。
[FAIL] raw_032346_07a498c8 | 2/3 | 回复仅索要订单号，未提供具体操作步骤，用户仍需等待进一步处理。
[PASS] raw_047181_50b04889 | 4/5 | 回复直接解决了用户问题，给出了可操作路径，但未提及备选方案，略有不足。
[FAIL] raw_060484_3d70b1a8 | 2/3 | 未利用历史中用户强调中午封门和鲜花易损的关键信息，未给出联系站点催促或售后维权等具体方案，仅建议关注物流，缺乏可执行路径
[FAIL] raw_032673_9726b4d2 | 3/3 | 回复未利用用户想用补偿替代退货的诉求，未提及补偿不保证，仅建议退货，缺乏具体可操作步骤。
[PASS] raw_043915_8b26cd2a | 4/5 | 回复准确分析了可能原因并建议联系人工，符合预期标准。
[FAIL] raw_029844_d62f069f | 2/3 | 未解决用户查不到订单信息的问题，仅建议查看订单详情页，但用户已说明查不到，缺乏具体可执行路径。
[PASS] raw_007724_0af2207c | 4/4 | 回复直接给出了查询自提点的方法，并建议联系客服，解决了用户需求。
[FAIL] raw_003137_94af1481 | 3/3 | 回复未区分订单状态，未给出未出库可修改的选项，建议不够具体。
[FAIL] raw_028992_a7dc272f | 3/3 | 回复仅安抚，未给出具体可执行路径（如平台介入），缺乏实质性帮助。
[FAIL] raw_054330_c7bbd8ed | 3/4 | 回复方向正确但缺乏具体可操作步骤，如未说明退款原路返回，未给出具体时效或联系客服方式。
[PASS] raw_040266_da0bbb49 | 5/5 | 回复直接确认用户意图，给出明确可执行路径，利用历史信息，无风险。
[PASS] raw_036937_8fc84a17 | 4/4 | 回复分别给出了改地址和取消订单的路径，具体可操作，但未提及联系在线客服，略有不足。
[FAIL] raw_055744_5b5dade2 | 3/3 | 未利用历史中已告知的售后政策（7天退15天换），未回应用户‘需要时再买’的顾虑，仅重复通用流程。
[PASS] raw_043424_e86fa970 | 5/5 | 回复直接给出具体操作路径，包含道歉和申请售后步骤，完全符合预期标准。
[FAIL] raw_035308_e848c38b | 2/2 | 未利用历史中取消订单信息，未说明优惠券自动返还，仅建议使用其他优惠券，缺乏具体可操作步骤。
[FAIL] raw_036042_2beab24c | 3/4 | 回复道歉并给出替代方案，但未提及直接前往站点，缺乏具体可执行步骤。
[FAIL] raw_040501_34c91a14 | 2/2 | 回复未给出具体可执行路径，仅询问是否方便，未告知已备注再次联系或保持手机畅通。
[FAIL] raw_032667_e115192c | 1/1 | 用户问如何验证正品，客服却引导售后流程，完全答非所问。
[PASS] raw_000683_972e7226 | 5/5 | 直接回答了E卡付款方式及余额不足时自动扣银行卡，具体可操作。
[PASS] raw_040555_e0a6716f | 4/5 | 回复直接回答了用户问题，给出了取消重下的可执行路径，但未提及配送时联系客户，略有不足。
[PASS] raw_028511_c8c9d3ab | 4/5 | 回复明确告知无法拆分，并给出替代方案（下单时选不同地址或联系客服），具体可操作。
[FAIL] raw_047722_2e33c07e | 3/3 | 回复方向正确但缺乏具体可执行步骤，未说明自动退款流程，用户仍需自行操作。
[FAIL] raw_008012_0d888da6 | 3/3 | 回复未利用历史约定，未引导联系平台客服，仅建议查看物流，缺乏具体可执行路径。
[FAIL] raw_059982_5b256ff6 | 2/2 | 回复仅确认取消，未提供退款申请、路径等可执行步骤，用户仍不知如何操作。
[FAIL] raw_061760_009b42e3 | 3/3 | 未利用历史中商品丢失和价格差问题，未给出具体可操作步骤，仅泛泛提及申请售后。
[PASS] raw_006150_18410b42 | 5/5 | 回复直接解决用户对镜头质量的担忧，给出具体售后路径，语气安抚，利用历史信息。
[FAIL] raw_016750_27a70295 | 3/3 | 回复未直接说明京东卡支付条件，仅建议联系客服或重新下单，缺乏具体可操作步骤。
[PASS] raw_055535_6e96478f | 4/4 | 回复给出了具体路径，但未明确提及退货地址在页面显示，略有不足。
[FAIL] raw_017507_fba05973 | 3/3 | 回复未给出明确可执行路径，建议取消重下，但未直接说明，用户仍需联系客服。
[PASS] raw_007236_284fbc78 | 4/5 | 直接说明无法恢复，给出重新下单的替代方案，具体可操作，语气礼貌。
[FAIL] raw_010194_e1f9b562 | 2/3 | 回复未利用历史确认商品，未给出具体操作步骤，仅让用户自行查看，缺乏可执行路径。
[FAIL] raw_032231_6a1b2f46 | 2/3 | 回复承诺联系客服但未给出具体操作步骤，用户仍需等待，缺乏可执行路径。
[FAIL] raw_005766_14a0e76d | 2/2 | 未利用历史中已拒绝的背景，反而建议申请退货换货，与历史矛盾，且未给出明确拒绝或说明规定。
[FAIL] raw_022518_4e610d81 | 2/2 | 未利用历史中用户不想让对方看到价格的需求，未解释电子发票不随商品寄出，回复模糊无具体操作。
[FAIL] raw_037530_023543f1 | 3/4 | 回复方向正确但缺乏具体可操作步骤，未给出预计安装时间，仅建议联系厂家，不够具体。
[PASS] raw_059790_27c4c5c4 | 5/5 | 直接回应无法修改，给出具体替代方案（联系快递转寄/拒收重下），符合预期标准。
[PASS] raw_048708_2edb6cd6 | 4/5 | 回复直接说明无法修改，并给出协商转寄和取消重下单两种替代方案，具体可操作，符合预期。
[PASS] raw_022456_32ed8d91 | 4/5 | 解释了差异原因并引导查看订单详情页，具体可操作，但未直接给出最终预计送达时间。
[PASS] raw_020335_11614bd4 | 5/5 | 直接回答用户关于满减是否限一件的问题，明确说明不限单件，并指引查看结算页，准确且可操作。
[PASS] raw_027986_1ce04d65 | 4/5 | 回复准确利用历史，重申无法补发原因，给出换货建议，并额外提供联系厂家选项，语气耐心。
[PASS] raw_012750_4818183c | 5/5 | 回复直接解决了发票和延保单两个问题，给出了具体操作路径，准确且有帮助。
[PASS] dev_migrated_raw_002420_209913ba | 5/5 | 礼貌回应感谢，确认无其他问题，符合闲聊收尾场景。
[PASS] raw_055857_99139582 | 5/5 | 直接回答不包含眼镜盒，并给出购买或联系客服的建议，具体可操作。
[PASS] raw_058298_a2eee4aa | 4/4 | 回复利用了历史缺货信息，给出查看订单详情页的具体路径，但未再次明确补货时间，略有不足。
[PASS] raw_026491_5f0ca439 | 5/5 | 直接确认用户问题，给出明确可执行路径，符合历史信息。
[PASS] raw_056033_852e03c7 | 5/5 | 回复直接说明未出库、预计明天送达，并给出查看物流详情页的具体路径，完全符合预期标准。
[FAIL] raw_062310_352f79ec | 3/3 | 回复方向正确但缺乏具体可操作步骤，未提及服务单分别处理、分别到账等关键信息。
[PASS] raw_049535_44b7eaa2 | 5/5 | 礼貌收尾，确认用户无其他问题，符合预期。
[PASS] raw_064271_927e7a15 | 4/4 | 回复直接给出了可操作路径（订单详情页申请开票），并提供了后续方案（联系客服），解决了用户问题，但未明确说明无需退货重拍。
[FAIL] raw_042059_1e5082f7 | 2/3 | 用户要求今天处理并确认结果，但回复仅建议申请价保，未确认已处理或给出具体进度，缺乏可执行路径。
[PASS] raw_006549_f1173564 | 4/5 | 回复直接给出修改地址的限制和两种可行方案，具体可操作，符合预期标准。
[FAIL] raw_024563_3f279b85 | 3/4 | 回复方向正确但缺乏具体步骤，如未说明如何查看物流详情、未提及他人代收等，用户仍不知如何操作。
[FAIL] dev_migrated_raw_011684_52ebc4e6 | 3/4 | 回复道歉并提及物流查询，但未给出具体催件或升级专员路径，缺乏可操作步骤。
[FAIL] raw_058699_3cd2aba8 | 3/4 | 回复未利用历史缺货信息，仅泛泛安抚，缺乏具体可操作步骤。
[FAIL] raw_064262_5286db14 | 3/3 | 回复未道歉安抚，未提及拍照留证等具体步骤，缺乏可操作性。
[FAIL] raw_045242_87cce0da | 2/3 | 未利用历史中用户反复追问的背景，回复重复且无具体行动指引。
[PASS] raw_010934_7e3b933f | 4/4 | 回复提供了具体可操作步骤（联系配送员、查看电话、联系客服），但未提及大家电配送范围限制和登记审核流程，略有不足。
[PASS] raw_059223_f052ade2 | 4/5 | 回复直接告知无其他颜色可选，并给出重新下单的可行路径，符合预期，但未提及退货步骤，略有不足。
[PASS] raw_017957_46035bf8 | 4/4 | 回复提供了联系快递员协商改期或转寄的路径，并建议查看物流信息，基本解决了用户诉求，但未明确提及寄存点。
[PASS] raw_013064_52f106bb | 5/5 | 直接回答快递员会电话联系，并给出保持手机畅通和查看物流的具体建议，完全符合预期。
[FAIL] raw_062962_f45876b2 | 3/4 | 回复未给出具体可执行路径，如建议先下单补发权益，仅告知查看规则和联系客服，缺乏直接解决用户等待优化完成的问题。
[PASS] raw_001107_656f8fa7 | 4/5 | 回复直接给出了安装轮胎的具体操作路径，包括联系门店、查看详情页、拨打热线，符合预期。
[PASS] raw_017597_656e918f | 4/5 | 回复直接给出可操作路径（联系快递员或客服），语气礼貌，未编造具体信息，符合预期。
[FAIL] raw_061296_c5beaf6e | 3/3 | 回复未明确指引京东金融App查看，只说结算页和我的-白条，不够具体可操作。
[PASS] raw_001109_d53c7083 | 5/5 | 直接告知短信发送到下单手机号，并给出号码有误时的解决路径，准确利用历史信息。
[PASS] raw_050369_810ee0b2 | 5/5 | 直接回答了用户两个问题，给出了具体可执行路径，符合预期标准。
[FAIL] raw_010322_da27dfd4 | 3/3 | 回复未利用历史订单号和发票抬头，未强调以出库后状态为准，缺乏具体可操作步骤。
[PASS] raw_025440_bea59cff | 5/5 | 回复礼貌收尾，用户已无其他问题，符合预期。
[FAIL] raw_055906_0900418d | 3/4 | 回复方向正确但缺乏具体可操作步骤，未利用历史确认商品为耳机，未给出自助修改入口等具体路径。
[FAIL] raw_017043_3404afcc | 3/4 | 回复方向正确但缺乏具体可执行步骤，未利用历史信息直接处理缺漏问题。
[FAIL] raw_009105_9e1e2a4d | 2/2 | 未利用历史已签收信息，未说明质检流程和预计时间，仅引导申请售后，缺乏具体可执行步骤。
[FAIL] raw_004486_2e709acf | 3/3 | 未利用历史中页面承诺与实际不符的落差，未道歉或安抚，未提供加急催件选项，仅建议关注物流，缺乏具体可执行步骤。
[PASS] raw_050713_0d51e6e9 | 5/5 | 回复直接针对用户手机端查询需求，给出具体可操作路径，利用历史信息，准确完整。
[PASS] raw_029534_ec29c002 | 4/5 | 回复直接给出取消重新下单或联系客服的路径，但未提醒注意库存和价格，略有不足。
[PASS] raw_003236_12236c82 | 4/5 | 回复直接回应了用户对取件时间的需求，承诺备注并尽量安排，给出了可操作的方案，语气礼貌。
[FAIL] raw_036507_27fe7249 | 3/4 | 回复未利用历史中退货入库可能恢复库存的信息，未给出到货通知等可操作建议，仅告知关注通知，缺乏具体步骤。
[PASS] raw_056911_7ec29b3e | 5/5 | 直接确认无需收货，说明取消后商品退回仓库，退款流程清晰，符合用户意愿。
[FAIL] dev_migrated_raw_030634_db9c464d | 2/2 | 回复未道歉安抚，未给出具体补偿路径，仅陈述规则，用户仍不知如何操作。
[FAIL] raw_032125_813a9dc6 | 3/4 | 回复方向正确，但缺乏具体可操作步骤，未给出明确解决路径。
[PASS] raw_022336_2cf9725b | 4/5 | 回复直接说明缺货状态和预计到货时间，并给出查看物流和联系客服的路径，但未明确发货时间安排。
[PASS] raw_011903_25649ff6 | 4/4 | 回复先道歉，给出具体售后路径和凭证建议，符合预期，但未主动承诺核实，略有不足。
[PASS] raw_001302_ef17b7cc | 5/5 | 直接提供了厂家电话，并说明了安装费用需联系厂家确认，具体可操作，符合预期。
[PASS] raw_060142_ccbcd858 | 5/5 | 直接回答不需要先还白条，并说明系统自动处理，给出查看进度和联系客服的路径，准确且具体。
[PASS] raw_016950_fe3cc12e | 4/4 | 回复解释了价格调整原因，并提供了价保操作路径，但未提及降价推送功能，略有不足。
[PASS] raw_063592_c72044f4 | 4/4 | 回复给出了具体操作路径，但未区分是否已进入取件流程，略有不足。
[FAIL] raw_019493_caa7f643 | 2/2 | 未利用历史中系统无法修改的信息，也未直接回答重新下单是否可行，建议不具体。
[PASS] raw_056523_d2651524 | 4/5 | 回复直接说明缺货状态，引导查看订单详情页或联系客服，具体可操作，语气礼貌，无风险。
[FAIL] raw_040436_41f4da65 | 2/2 | 回复过于笼统，未提供具体时效或查看路径，未利用历史信息，用户无法操作。
[PASS] raw_003732_61e4ca6d | 5/5 | 回复理解用户顾虑，确认提前预约并提及联系老人，给出物流信息查看建议，完美符合预期。
[PASS] raw_041129_2e75aa5f | 5/5 | 直接给出换货路径，具体可操作，符合预期标准。
[FAIL] raw_055181_c2d3264d | 3/3 | 回复过于笼统，未利用历史中用户对质量的担忧，未给出具体质检承诺或售后路径。
[PASS] raw_011871_bbd14cae | 4/5 | 回复直接给出解决方案（取消重下），准确回应问题，语气礼貌，无风险。但未提及退货选项，略有不足。
[PASS] raw_062223_d0dfa9fd | 5/5 | 直接回答用户问题，明确告知不需要联系厂家，并安抚用户，符合预期。
[FAIL] raw_018030_dbb58b6f | 3/3 | 未利用历史中只能修改末级地址的信息，建议取消重下而非转寄或拒收，方向对但不够具体。
[FAIL] dev_migrated_raw_003946_e26a581a | 3/3 | 用户问安装服务，回复未明确说明是否包含安装及收费，仅建议查看订单或联系客服，缺乏具体可执行路径。
[FAIL] raw_010117_972b5bef | 3/3 | 未利用送人场景进行推荐，仅简单重复型号，缺乏具体可操作步骤。
[FAIL] raw_008176_0b13e4b9 | 3/4 | 回复方向正确但缺乏具体可操作步骤，如未说明如何检查必填项和凭证，只说联系客服但未提供具体联系方式。
[FAIL] raw_048752_09328bf1 | 3/3 | 回复未明确说明无法提供纸质发票，且未给出具体下载路径和时效，缺乏可操作步骤。

Judged: 150, failed API calls: 0

=== Overall Metrics ===
  total: 150
  通过数: 74
  通过率: 49.3
  自动解决率: 80.7
  准确率: 89.3
  各维度均分: {'需求解决': 3.5, '回答准确': 3.87, '有帮助性': 3.49, '语气体验': 4.07, '风险控制': 4.96, '历史利用': 3.56}
  失败标签分布: {'too_generic': 38, 'history_ignored': 17, 'missing_action': 15, 'wrong_intent': 5, 'off_topic': 1}

Report: /data2/songxinshuai/linsihan/ecommerce_assistant/docs/results/lora_ablation_jddc_rebuild_v2/rank16_qv_lora_fp16/judge_results/judge_report.json
Markdown: /data2/songxinshuai/linsihan/ecommerce_assistant/docs/results/lora_ablation_jddc_rebuild_v2/rank16_qv_lora_fp16/judge_results/judge_report.md
