Matched: 150, skipped (no annotation): 0
[PASS] raw_003471_3818c415 | 5/5 | 简短礼貌回应感谢，符合闲聊收尾场景，完美。
[PASS] raw_028009_b9630665 | 5/5 | 简短礼貌收尾，符合闲聊场景，用户问题已解决。
[FAIL] raw_039961_13998282 | 3/3 | 回复道歉但未提供具体验证正品方法，如防伪码或官网验证，缺乏可操作步骤。
[PASS] raw_003040_496db22f | 4/5 | 回复给出了具体路径和操作步骤，但未明确订单完成后才能操作，略有瑕疵。
[FAIL] raw_014585_336a2bb8 | 2/1 | 回复编造了具体时效（明天送达），未解决用户催发诉求，且与用户问题不符。
[FAIL] raw_043192_b89cb5ed | 3/4 | 回复方向正确但缺乏具体可执行步骤，未体现尽快安排或催促路径，语气较生硬。
[FAIL] raw_003002_43117416 | 3/3 | 回复给出了预计送达时间，但未提供具体物流动态或查询路径，缺乏可操作性。
[FAIL] raw_019783_c9b93a90 | 2/2 | 回复未提供具体领券路径，仅建议下单，未解决用户直接要券的诉求。
[FAIL] raw_016366_9145024e | 3/3 | 未利用历史中两个订单的信息，回复笼统，缺乏具体可执行步骤。
[FAIL] raw_048599_f9febd9c | 2/2 | 未利用历史中已安排上门换新的信息，反而引导用户重新申请售后，未解决用户对时间的疑问。
[PASS] raw_056095_ad102e06 | 4/5 | 回复直接说明了发票邮寄时间，并引导查看订单详情页，提供了可操作路径。
[FAIL] raw_001198_762b1226 | 3/4 | 回复未提及催促配送或联系站点，缺乏具体可执行步骤，用户仍不知如何加速。
[PASS] raw_006639_5f3f9745 | 4/5 | 直接回答缺货和预计到货时间，给出查看物流和联系客服的路径，但未主动安抚情绪。
[FAIL] raw_034699_f6c8b789 | 2/3 | 回复仅反问用户，未提供任何取消操作指引或流程说明，用户无法直接解决问题。
[PASS] raw_025447_7aac8e55 | 4/4 | 回复给出了安装流程的具体步骤，包括预约、准备材料等，用户可操作，但未提及官方渠道或说明书，略有不足。
[FAIL] raw_040714_f027f438 | 2/3 | 回复仅表示查询跟进，未给出具体可执行路径，未利用历史信息安抚或核查第二次退货情况。
[FAIL] raw_050373_074a0643 | 2/2 | 回复错误地将换货需求引导为退货退款，未解释换货不产生退款，且未提供查看售后单等具体步骤。
[PASS] raw_021322_d547299d | 5/5 | 回复直接给出未出库和已出库两种方案，具体可操作，符合预期标准。
[PASS] raw_011080_0a3d577e | 4/5 | 回复确认用户测试原装线后仍可联系，利用历史信息，给出后续路径，语气礼貌。
[FAIL] raw_041767_dcdbabc0 | 3/4 | 回复方向正确但缺乏具体可操作步骤，未引导用户查看赠送天数，仅建议等待和联系客服。
[PASS] raw_058587_ab2fa9df | 5/5 | 直接承诺备注并优先原装出库，符合用户诉求，语气积极，无风险。
[FAIL] raw_020989_34781d3d | 3/3 | 回复未提及联系配送员协商，而是建议申请修改或取消重下，缺乏具体可执行路径。
[PASS] dev_migrated_raw_019245_83bea3d7 | 5/5 | 回复礼貌确认问题解决，表达服务意愿，符合闲聊收尾场景，利用历史背景。
[FAIL] raw_004780_f9a7dc5a | 3/4 | 未利用历史中已确认退雷达和安装服务的信息，未提及退货时效或二手平台备选，路径不够具体。
[FAIL] raw_061652_767318f8 | 3/4 | 回复方向正确但缺乏具体可执行路径，未明确告知如何申请补偿或查看赔付规则。
[FAIL] raw_012607_7e4e24f6 | 3/3 | 回复方向正确但未给出具体可执行路径，如未说明如何联系厂家或查看售后入口的具体位置。
[FAIL] raw_041517_5b821275 | 3/3 | 未利用历史中用户已申请退款的信息，且未明确告知配送中可取消、签收后自动驳回退款，缺乏具体可执行路径。
[PASS] raw_041299_d1803c37 | 4/4 | 回复给出了具体操作路径，并提示了备选方案，符合人工预期。
[PASS] raw_033287_c94eea81 | 5/5 | 回复确认用户先测试，并给出后续联系渠道，直接解决用户诉求。
[FAIL] raw_008930_228bef92 | 3/4 | 回复方向正确但未给出最直接的可执行路径（取消重新下单），建议不够具体。
[FAIL] raw_038557_c383691e | 2/2 | 回复仅索要订单号，未说明价保规则或提供替代方案，缺乏实质性帮助。
[PASS] raw_029353_169ac2bc | 5/5 | 直接确认无货无法换货，建议退货退款，并给出具体操作路径，完全符合预期。
[PASS] raw_013772_cb9c9b47 | 5/5 | 直接回答了用户能否用订单号去财务拿发票，并给出了具体操作路径，准确且可执行。
[FAIL] raw_039617_2681385d | 2/3 | 回复仅要求提供订单号，未给出具体操作路径，不符合人工标准中确认收货后申请开票的流程。
[FAIL] raw_034908_83283a91 | 2/2 | 回复仅确认可以寄回老家，但未说明如何操作（如修改收货地址），缺乏可执行步骤。
[FAIL] raw_024356_c7546435 | 3/4 | 回复确认了价保概念，但未给出具体操作步骤（如申请入口、周期），缺乏可执行路径。
[FAIL] raw_041351_549567ff | 3/3 | 回复未解释物流未更新的原因，且未提供催促路径，仅建议查看轨迹，缺乏具体可操作步骤。
[FAIL] raw_027499_3b1b89c9 | 3/4 | 回复方向正确但缺乏具体可操作步骤，如未提及到货通知设置或具体补货时间。
[FAIL] raw_042908_227d242d | 2/3 | 未利用历史信息提供具体解决方案，仅简单备注，缺乏可执行步骤。
[PASS] raw_013069_de11265e | 5/5 | 礼貌收尾，表达感谢并询问是否需要进一步帮助，符合场景要求。
[FAIL] raw_038944_905cfe76 | 3/3 | 回复未明确说明拒收无额外费用，且未提及拦截快递或退款流程，缺乏具体可执行步骤。
[FAIL] raw_033111_791b25bd | 3/4 | 回复方向正确但缺乏具体可操作步骤，未提及联系配送员协商或拒收重下等具体路径。
[PASS] raw_028443_6bf0c528 | 4/4 | 回复利用了历史中撤销时送货的背景，给出签收后自动取消的路径，但未提及拒收选项，略有不足。
[FAIL] raw_047661_f9bc8214 | 2/3 | 回复仅反问用户，未提供任何取消操作的具体路径或条件，用户无法直接操作。
[PASS] raw_037393_5daac359 | 5/5 | 直接准确回答了用户问题，提供了电话号码，符合预期。
[PASS] raw_021560_20772742 | 4/4 | 回复准确利用历史，给出具体可操作建议，语气礼貌，无风险。
[PASS] raw_005032_c1cf7828 | 5/5 | 直接给出具体操作路径，利用历史信息，可执行性强。
[FAIL] raw_057014_d6c074d0 | 3/3 | 未利用历史中配送中需等反馈的信息，回复过于通用，缺乏针对性。
[FAIL] raw_059879_6b9582f2 | 2/2 | 回复未确认发货仓库和预计送达时间，仅泛泛安抚，缺乏具体可执行信息。
[FAIL] raw_002229_aefb8253 | 3/4 | 回复未利用历史中用户多次去提货点的信息，未给出联系站点优先配送或自提的具体路径，仅建议查看物流或联系快递公司，缺乏可操作
[PASS] raw_054744_716c4e9b | 4/4 | 回复给出了查询费用和自提点的具体路径，但未说明费用通常免费，略有不足。
[FAIL] raw_032786_e467921d | 2/3 | 仅索要订单号，未提供任何售后政策或操作步骤，用户无法直接解决问题。
[PASS] raw_032346_07a498c8 | 4/4 | 回复直接给出售后路径，但未引导核对具体包裹，略有不足。
[PASS] raw_047181_50b04889 | 4/4 | 回复直接建议重新提交申请，符合用户诉求，但未提及取件员联系时说明的备选方案，略有不足。
[FAIL] raw_060484_3d70b1a8 | 3/3 | 未利用历史中中午封门和鲜花易损信息，未给出联系站点催促或售后维权等具体方案，仅建议关注物流，缺乏可执行路径。
[PASS] raw_032673_9726b4d2 | 4/4 | 回复道歉并建议售后流程，提及补偿协商，符合人工标准，但未明确强调补偿不保证。
[FAIL] raw_043915_8b26cd2a | 2/2 | 未利用历史信息分析原因，仅重复之前路径，未给出可执行步骤。
[FAIL] raw_029844_d62f069f | 2/3 | 未解决用户查不到订单信息的问题，仅建议查看订单详情页，但用户已说明查不到，缺乏具体可执行路径。
[FAIL] raw_007724_0af2207c | 3/3 | 回复给出了具体自提点地址，但未利用历史中用户询问的'重庆洋人街附近'，地址在渝中区而非洋人街附近，且未提供App内搜索方
[PASS] raw_003137_94af1481 | 4/4 | 回复给出了具体操作路径，区分了自助修改和联系快递转寄，但未明确区分订单状态。
[FAIL] raw_028992_a7dc272f | 3/3 | 回复未给出具体可执行路径，如平台介入步骤，仅承诺跟进，缺乏行动指导。
[FAIL] raw_054330_c7bbd8ed | 3/3 | 回复方向正确但缺乏具体可操作步骤，未说明退款审核时效和原路返回，用户仍不清楚具体流程。
[PASS] raw_040266_da0bbb49 | 5/5 | 回复直接确认用户意图，给出明确可执行路径，利用历史信息，无风险。
[PASS] raw_036937_8fc84a17 | 4/4 | 回复分别给出了改地址和取消的路径，具体可操作，但未提及联系在线客服的备选方案。
[FAIL] raw_055744_5b5dade2 | 3/3 | 未利用历史中的售后政策打消用户顾虑，未支持其需要时再买的决定，仅重复上门取件流程。
[PASS] raw_043424_e86fa970 | 5/5 | 回复直接给出申请售后的具体路径，符合人工标准，语气礼貌，无风险。
[FAIL] raw_035308_e848c38b | 2/2 | 未利用历史中取消订单信息，未说明优惠券自动返还，仅简单告知无法退回，缺乏可操作步骤。
[FAIL] raw_036042_2beab24c | 3/3 | 未对电话不通表达歉意，替代方案不够具体，未提及联系平台客服。
[FAIL] raw_040501_34c91a14 | 2/2 | 回复仅索要手机号，未利用历史信息提供具体行动（如备注再次联系），缺乏可执行路径。
[PASS] raw_032667_e115192c | 4/5 | 回复给出了具体验证正品的方法，但未利用历史中的订单信息，略有不足。
[PASS] raw_000683_972e7226 | 4/4 | 回复解决了E卡付款问题，但未回答是否自动转到银行卡，略有遗漏。
[PASS] raw_040555_e0a6716f | 4/4 | 回复直接回答了问题，给出了取消重下的可执行路径，但未提及配送时联系等替代方案，略有不足。
[FAIL] raw_028511_c8c9d3ab | 3/4 | 回复告知无法拆分，但未提供具体可操作路径，如建议查看订单详情页或联系客服进一步确认。
[FAIL] raw_047722_2e33c07e | 3/3 | 回复未提及自动退款，仅建议查看状态和联系快递，缺乏具体可执行路径。
[FAIL] raw_008012_0d888da6 | 3/3 | 回复未利用历史中已确认的年后重新邮寄约定，且未给出具体可执行路径，仅建议关注物流和联系客服，缺乏具体指导。
[FAIL] raw_059982_5b256ff6 | 2/2 | 回复仅确认取消，未提供退款申请提交、到账方式及进度查看等具体操作，缺乏可执行路径。
[FAIL] raw_061760_009b42e3 | 3/3 | 未利用历史中商品可能丢失和价格差问题，未提及确认丢失按订单金额赔付或申请价保，仅建议搜索商品，缺乏针对性。
[PASS] raw_006150_18410b42 | 5/5 | 回复直接解决用户对镜头质量的担忧，给出具体售后操作步骤，语气安抚，利用历史确认物流背景。
[PASS] raw_016750_27a70295 | 4/4 | 回复直接回答了用户能否用京东卡支付尾款，并给出了可操作路径（结算页面选择），符合预期标准。
[FAIL] raw_055535_6e96478f | 2/2 | 未利用历史中用户找不到地址的困惑，重复之前回答，未给出具体可执行路径。
[FAIL] raw_017507_fba05973 | 3/4 | 回复方向正确但缺乏具体可执行步骤，未明确建议取消重新下单，用户仍需自行摸索。
[PASS] raw_007236_284fbc78 | 4/5 | 回复直接说明无法恢复，并给出重新下单的替代方案，准确且可操作，语气礼貌。
[FAIL] raw_010194_e1f9b562 | 3/3 | 未利用历史中已确认商品和用户抱怨，未给出具体价保结果，仅提供通用流程。
[FAIL] raw_032231_6a1b2f46 | 3/3 | 回复承诺联系客服但未给出具体操作步骤或时效，用户仍不知如何跟进。
[FAIL] raw_005766_14a0e76d | 2/2 | 未利用历史中已告知不支持的信息，反而建议申请售后，与历史矛盾。
[FAIL] raw_022518_4e610d81 | 3/3 | 未利用历史中用户不想让对方看到价格的需求，未说明发票不随商品寄出，建议不够具体。
[FAIL] raw_037530_023543f1 | 2/3 | 回复未直接回答安装时间，而是索要地址，缺乏具体可执行步骤。
[PASS] raw_059790_27c4c5c4 | 4/5 | 回复直接给出无法修改的结论，并提供了查看修改按钮、联系快递转寄等具体步骤，符合预期标准。
[PASS] raw_048708_2edb6cd6 | 4/5 | 回复直接说明无法修改，并给出查看修改按钮和联系快递转寄的替代方案，具体可操作。
[FAIL] raw_022456_32ed8d91 | 3/4 | 解释了差异原因，但未给出具体可执行路径，如引导查看订单详情页的预计送达时间。
[FAIL] raw_020335_11614bd4 | 3/4 | 回复确认了限一件，但未提供查看规则或确认订单的具体路径，缺乏可操作性。
[PASS] raw_027986_1ce04d65 | 4/5 | 回复直接解决了用户问题，重申无法补发并建议换货，语气礼貌，利用历史信息，但未给出具体操作入口。
[PASS] raw_012750_4818183c | 5/5 | 回复直接解决了发票和延保单两个问题，给出了具体可执行路径，准确且有帮助。
[PASS] dev_migrated_raw_002420_209913ba | 5/5 | 礼貌回应感谢，符合闲聊收尾场景，无任何问题。
[PASS] raw_055857_99139582 | 5/5 | 直接回答了用户问题，并给出了可操作建议，准确且有帮助。
[PASS] raw_058298_a2eee4aa | 4/5 | 回复准确利用历史缺货信息，给出具体查看路径，语气礼貌，无风险。
[PASS] raw_026491_5f0ca439 | 5/5 | 直接确认用户问题，给出明确可执行路径，符合预期。
[FAIL] raw_056033_852e03c7 | 1/1 | 用户问物流到达时间，回复却推销促销活动，完全答非所问。
[FAIL] raw_062310_352f79ec | 2/2 | 回复未解决用户问题，仅告知退款时效，未解释为何只收到两本书退款，也未提供可操作步骤。
[PASS] raw_049535_44b7eaa2 | 5/5 | 礼貌收尾，确认用户无其他问题后结束对话，符合预期。
[PASS] raw_064271_927e7a15 | 4/4 | 回复直接给出了可操作路径，但未明确说明无需退货重拍，略有不足。
[FAIL] raw_042059_1e5082f7 | 2/3 | 用户希望今天就处理，但回复反问退货还是换货，未给出具体处理步骤或确认，缺乏可执行路径。
[PASS] raw_006549_f1173564 | 4/4 | 回复提供了查看修改按钮和联系快递的路径，但未提及取消重下及确认库存价格，略低于人工标准。
[FAIL] raw_024563_3f279b85 | 3/4 | 回复方向正确但缺乏具体步骤，未提及检查他人代收或申请售后，用户仍需自行摸索。
[FAIL] dev_migrated_raw_011684_52ebc4e6 | 3/3 | 回复未利用历史中感冒着急信息，未给出具体催件或升级路径，仅泛泛安抚。
[FAIL] raw_058699_3cd2aba8 | 3/4 | 回复未利用历史缺货信息，仅泛泛道歉，缺乏具体安慰或行动指引。
[FAIL] raw_064262_5286db14 | 3/3 | 回复未针对情人节时效落差道歉安抚，也未给出具体维权路径如拍照留证，缺乏可操作性。
[FAIL] raw_045242_87cce0da | 2/3 | 未利用历史中用户反复追问的背景，回复与之前相同，缺乏具体可执行建议。
[FAIL] raw_010934_7e3b933f | 3/3 | 回复未提及大家电配送范围限制和登记申请流程，缺乏具体可执行步骤，仅给出通用建议。
[PASS] raw_059223_f052ade2 | 5/5 | 直接给出取消重下的可执行路径，准确回应，无风险，语气礼貌。
[PASS] raw_017957_46035bf8 | 4/4 | 回复提供了联系快递员和通过客服协助两种可行路径，但未提及配送员会电话联系，略有不足。
[PASS] raw_013064_52f106bb | 4/4 | 回复确认快递员会联系，并建议查看物流和联系快递公司，具体可操作，但未强调保持手机畅通。
[FAIL] raw_062962_f45876b2 | 2/3 | 回复模糊，未给出具体时间或可执行路径，用户仍不知如何操作。
[PASS] raw_001107_656f8fa7 | 4/4 | 回复提供了具体操作路径（联系安装师傅、查看指引、拨打热线），解决了用户问题，但未提及订单页面入口，略有不足。
[PASS] raw_017597_656e918f | 4/4 | 回复提供了具体操作路径，但未提及配送员联系协商，略低于人工标准。
[FAIL] raw_061296_c5beaf6e | 3/3 | 回复方向正确但不够具体，未提及京东金融App，用户无法直接操作。
[PASS] raw_001109_d53c7083 | 4/5 | 回复准确告知短信发送到下单手机号，并引导确认，解决了用户查询需求。
[PASS] raw_050369_810ee0b2 | 5/5 | 直接回答了用户两个问题，给出了明确可执行的路径，语气礼貌，无风险。
[PASS] raw_010322_da27dfd4 | 4/4 | 回复直接解答发票问题，引导查看订单详情页，符合预期，但未明确提及出库后状态。
[PASS] raw_025440_bea59cff | 5/5 | 用户已无其他问题，回复礼貌收尾，符合预期。
[PASS] raw_055906_0900418d | 4/5 | 回复直接给出出库后无法修改地址，并提供了转寄和拒收两种可执行方案，准确且有用，语气礼貌，未编造具体信息。
[FAIL] raw_017043_3404afcc | 2/2 | 未利用历史中缺保护套的背景，未提供补发等具体方案，仅建议查看订单或联系客服，缺乏可执行路径。
[FAIL] raw_009105_9e1e2a4d | 2/3 | 未利用历史已签收信息，未说明质检流程和预计时间，仅引导提交申请，缺乏具体可执行步骤。
[FAIL] raw_004486_2e709acf | 3/4 | 回复未道歉安抚，未利用历史落差感，缺乏加急催件等具体行动建议，仅建议查看页面，帮助性不足。
[PASS] raw_050713_0d51e6e9 | 4/5 | 回复给出了具体操作路径，但未明确提及手机端操作，历史利用稍弱。
[PASS] raw_029534_ec29c002 | 4/5 | 回复直接建议取消重新下单，路径明确，语气礼貌，但未提醒注意库存和价格，略有不足。
[PASS] raw_003236_12236c82 | 4/5 | 回复直接回应了取件时间需求，给出了备注安排的具体行动，语气礼貌，符合闲聊收尾场景。
[FAIL] raw_036507_27fe7249 | 3/3 | 未利用历史中退货入库可能恢复库存的信息，建议不够具体，缺乏到货通知设置等可操作步骤。
[PASS] raw_056911_7ec29b3e | 5/5 | 直接回答无需收货，明确取消后不派送直接退款，利用历史信息，语气肯定，完全符合预期。
[FAIL] dev_migrated_raw_030634_db9c464d | 3/3 | 未先道歉安抚情绪，未利用历史中用户反复追问运费补偿的升级情绪，回复缺乏同理心。
[FAIL] raw_032125_813a9dc6 | 3/3 | 回复方向正确但未给出具体可执行步骤，未解释原因，建议以实际提交后显示为准。
[PASS] raw_022336_2cf9725b | 4/5 | 直接告知缺货及预计到货时间，并给出查看库存和关注通知的路径，但未明确具体发货日期。
[FAIL] raw_011903_25649ff6 | 3/4 | 回复方向正确，但未给出具体可执行路径（如如何联系售后、提供凭证），缺乏操作细节。
[PASS] raw_001302_ef17b7cc | 5/5 | 直接提供厂家电话，明确说明安装费用以订单详情页为准，通常免费，完整解决用户问题。
[PASS] raw_060142_ccbcd858 | 5/5 | 直接回答不需要先还白条，并给出具体操作步骤，完全符合用户诉求。
[FAIL] raw_016950_fe3cc12e | 3/3 | 回复方向正确但缺乏具体可操作步骤，如未说明如何关注降价推送或查看活动规则。
[FAIL] raw_063592_c72044f4 | 2/3 | 回复仅反问确认意图，未给出任何可操作路径，用户无法解决问题。
[FAIL] raw_019493_caa7f643 | 2/2 | 未利用历史中系统无法修改发票含赠品的信息，建议下载打印和联系平台，未解决用户报销问题。
[PASS] raw_056523_d2651524 | 4/4 | 回复直接说明了缺货需等待补货，并给出了查看订单详情页和联系平台客服的具体路径，符合人工标准。
[FAIL] raw_040436_41f4da65 | 3/4 | 回复方向正确但缺乏具体可操作步骤，未说明发票开具时效或如何查看进度。
[PASS] raw_003732_61e4ca6d | 5/5 | 回复直接确认理解用户顾虑，并重申会提前预约，符合历史背景，语气礼貌，完美解决用户诉求。
[FAIL] raw_041129_2e75aa5f | 3/3 | 回复未直接确认换货，仅建议退货重购，缺乏换货具体步骤，不够直接解决用户诉求。
[FAIL] raw_055181_c2d3264d | 3/3 | 回复过于笼统，未利用历史中用户对质量的担忧，未给出具体质检承诺或售后路径。
[PASS] raw_011871_bbd14cae | 5/5 | 直接给出换货路径，具体可操作，语气礼貌，无风险，利用历史订单信息。
[PASS] raw_062223_d0dfa9fd | 5/5 | 直接回答用户问题，明确告知不需要联系厂家，并承诺跟进，符合预期。
[PASS] raw_018030_dbb58b6f | 5/5 | 直接利用历史信息，给出联系快递转寄或拒收的具体可执行路径，符合预期。
[FAIL] dev_migrated_raw_003946_e26a581a | 3/3 | 用户询问安装服务缺失，回复引导至售后申请，但未直接说明是否有安装服务及收费，偏离用户核心诉求。
[FAIL] raw_010117_972b5bef | 3/4 | 未利用历史中送人场景进行针对性推荐，仅给出通用搜索建议，缺乏具体可执行路径。
[FAIL] raw_008176_0b13e4b9 | 3/4 | 回复方向正确，但缺乏具体可操作步骤，如未指导检查必填项和凭证，未提供联系人工客服的具体方式。
[FAIL] raw_048752_09328bf1 | 2/2 | 回复未说明默认电子发票无法提供纸质，与人工预期标准不符，未解决用户诉求。

Judged: 150, failed API calls: 0

=== Overall Metrics ===
  total: 150
  通过数: 66
  通过率: 44.0
  自动解决率: 79.3
  准确率: 88.0
  各维度均分: {'需求解决': 3.42, '回答准确': 3.75, '有帮助性': 3.39, '语气体验': 4.07, '风险控制': 4.94, '历史利用': 3.43}
  失败标签分布: {'too_generic': 38, 'history_ignored': 21, 'missing_action': 18, 'wrong_intent': 3, 'tone_poor': 2, 'overpromise': 1, 'off_topic': 1}

Report: /data2/songxinshuai/linsihan/ecommerce_assistant/docs/results/lora_ablation_jddc_rebuild_v2/rank4_qv_qlora/judge_results/judge_report.json
Markdown: /data2/songxinshuai/linsihan/ecommerce_assistant/docs/results/lora_ablation_jddc_rebuild_v2/rank4_qv_qlora/judge_results/judge_report.md
