Matched: 150, skipped (no annotation): 0
[PASS] raw_003471_3818c415 | 5/5 | 简短礼貌回应感谢，表达服务意愿，符合闲聊收尾场景。
[PASS] raw_028009_b9630665 | 5/5 | 简短礼貌收尾，符合闲聊场景，用户问题已解决。
[FAIL] raw_039961_13998282 | 3/3 | 回复未直接解决正品质疑，未提供防伪码等具体验证方法，仅建议查看卡片和售后，缺乏可操作步骤。
[FAIL] raw_003040_496db22f | 3/4 | 回复方向正确但缺乏具体操作步骤，用户不知道如何查看和下载，未给出可执行路径。
[FAIL] raw_014585_336a2bb8 | 3/3 | 回复未直接解决发货时间问题，未引导查看预计发货时间或催促发货，仅给出模糊时效和通用建议。
[FAIL] raw_043192_b89cb5ed | 3/4 | 回复方向正确但缺乏具体可执行步骤，如未给出催促路径或具体时效，仅建议查看订单和联系客服。
[FAIL] raw_003002_43117416 | 3/3 | 回复给出了预计送达日期，但未提供物流动态或具体可操作步骤，用户无法确认当前状态。
[FAIL] raw_019783_c9b93a90 | 3/4 | 回复方向正确但缺乏具体可操作步骤，未提供领券的具体路径。
[FAIL] raw_016366_9145024e | 3/3 | 未利用历史中两个订单的信息，仅针对当前问题模糊回应，缺乏具体可执行步骤。
[FAIL] raw_048599_f9febd9c | 3/3 | 未利用历史中已安排上门换新的信息，未提及配送员联系约定时间，用户仍需自行操作，缺乏针对性。
[PASS] raw_056095_ad102e06 | 4/5 | 回复准确说明了电子发票开具时间，并引导查看订单详情页，但未直接回答纸质发票邮寄时间，需联系客服，略有不足。
[FAIL] raw_001198_762b1226 | 3/4 | 未利用用户要回老家的紧迫感，未给出催促路径，仅建议关注物流，缺乏具体行动指引。
[PASS] raw_006639_5f3f9745 | 5/5 | 直接回答缺货和预计发货时间，给出可操作建议，语气礼貌，无风险。
[FAIL] raw_034699_f6c8b789 | 2/3 | 回复未提供取消申请提交后的具体流程，仅询问信息，缺乏可执行步骤。
[FAIL] raw_025447_7aac8e55 | 3/4 | 回复方向正确但缺乏具体可操作步骤，如未说明如何联系售后、未提供热线号码或在线渠道。
[FAIL] raw_040714_f027f438 | 2/3 | 回复仅安抚未给出具体核查路径，用户不知下一步如何操作。
[FAIL] raw_050373_074a0643 | 3/3 | 回复未直接解释退款差额原因，仅建议申请换货，缺乏具体可执行步骤，如查看售后单状态和金额明细。
[PASS] raw_021322_d547299d | 4/4 | 回复根据出库状态给出具体方案，符合预期，但未提及未出库可尝试修改地址，略有不足。
[PASS] raw_011080_0a3d577e | 4/5 | 回复确认用户测试原装线，并给出后续路径，利用历史信息，语气礼貌，无风险。
[PASS] raw_041767_dcdbabc0 | 4/5 | 回复直接指导用户查看PLUS会员页面，给出了具体路径，利用了历史信息，语气礼貌。
[PASS] raw_058587_ab2fa9df | 5/5 | 回复直接确认用户要求，承诺通知仓库，语气礼貌，符合预期标准。
[FAIL] raw_020989_34781d3d | 3/3 | 回复方向正确但缺乏具体操作步骤，未说明如何联系配送员协商，与人工预期标准有差距。
[PASS] dev_migrated_raw_019245_83bea3d7 | 5/5 | 回复礼貌感谢，确认问题解决，符合闲聊收尾场景，利用历史背景表达服务意愿。
[FAIL] raw_004780_f9a7dc5a | 3/3 | 未利用历史中已确认退雷达和安装服务的信息，未提及退货时效或二手平台备选，路径不够具体。
[FAIL] raw_061652_767318f8 | 3/3 | 未直接回应赔偿诉求，未提供补偿申请路径，仅建议关注物流和投诉，缺乏具体可执行步骤。
[FAIL] raw_012607_7e4e24f6 | 3/3 | 回复方向正确但未提及补购安装服务，缺乏具体可执行步骤，与人工标准有差距。
[FAIL] raw_041517_5b821275 | 3/3 | 回复未提及取消退款申请，仅建议拒收，缺乏具体可操作步骤，与人工预期标准不符。
[PASS] raw_041299_d1803c37 | 4/4 | 回复给出了具体操作路径（查看详情页选项）和替代方案（联系配送站），符合预期标准，但未提及下单时选择，略有不足。
[PASS] raw_033287_c94eea81 | 4/5 | 回复确认用户先测试，并给出后续售后路径，利用历史信息，语气礼貌。
[PASS] raw_008930_228bef92 | 5/5 | 直接说明无法修改尺寸，给出取消重新下单的明确路径，符合预期。
[FAIL] raw_038557_c383691e | 3/3 | 未识别套装商品不支持价保，直接引导价保流程，与预期标准不符。
[FAIL] raw_029353_169ac2bc | 3/4 | 回复确认了无货无法换货，但未给出退货退款的具体操作路径，缺乏可执行步骤。
[PASS] raw_013772_cb9c9b47 | 4/5 | 直接回答了用户问题，并给出了查看发票信息和联系客服的具体路径，但未说明如何联系客服，略有不足。
[FAIL] raw_039617_2681385d | 3/3 | 回复未提及确认收货后财务开票的关键流程，缺乏具体可操作步骤，方向对但不够具体。
[PASS] raw_034908_83283a91 | 5/5 | 直接解决了用户改地址诉求，给出了具体操作路径，利用历史信息，语气礼貌。
[PASS] raw_024356_c7546435 | 5/5 | 回复直接解释了价保规则，给出了具体操作路径，准确且无风险，符合预期。
[PASS] raw_041351_549567ff | 4/4 | 回复解释了延迟原因，给出了查看轨迹和联系客服的路径，符合预期。
[PASS] raw_027499_3b1b89c9 | 4/5 | 回复直接告知缺货和预计补货时间，但未建议关注页面或设置通知，略有不足。
[PASS] raw_042908_227d242d | 4/4 | 回复利用了历史中配送员会提前联系的信息，给出了可操作的协商方案，语气礼貌，但未主动提及站点暂存等备选方案。
[PASS] raw_013069_de11265e | 5/5 | 礼貌回应感谢，符合闲聊收尾场景，利用历史信息表达关怀。
[FAIL] raw_038944_905cfe76 | 3/3 | 回复方向正确但缺乏具体可执行步骤，未明确说明无额外费用及退款流程，用户仍不清楚具体操作。
[PASS] raw_033111_791b25bd | 4/4 | 回复准确说明了无法修改，并给出了转寄或拒收重下的可操作建议，符合预期标准。
[FAIL] raw_028443_6bf0c528 | 3/3 | 回复未利用历史中用户撤销退款时恰好送货的背景，未给出签收后自动取消或拒收的明确路径，缺乏具体可操作步骤。
[FAIL] raw_047661_f9bc8214 | 2/3 | 回复仅询问用户意图，未提供任何可操作路径，如取消入口或条件。
[FAIL] raw_037393_5daac359 | 3/4 | 回复方向正确但未给出具体可执行路径，如未说明如何查看订单详情页。
[PASS] raw_021560_20772742 | 4/4 | 回复准确利用历史，给出联系快递员协商改电话的具体建议，符合人工标准。
[FAIL] raw_005032_c1cf7828 | 3/3 | 回复承诺24小时发出，但未提供具体操作路径，且编造了无法验证的时效，风险控制扣分。
[FAIL] raw_057014_d6c074d0 | 3/3 | 未利用历史中配送中需等反馈的信息，时效说明不完整，缺乏具体可操作步骤。
[FAIL] raw_059879_6b9582f2 | 2/2 | 用户关心发货地和时效，但回复未确认仓库，反而建议修改地址，偏离用户意图。
[FAIL] raw_002229_aefb8253 | 3/4 | 回复未利用历史中用户多次去提货点的信息，未给出联系站点优先配送或自提的具体路径，仅建议查看物流和联系官方客服，缺乏针对性
[PASS] raw_054744_716c4e9b | 5/5 | 回复直接解决了费用和自提点查询问题，给出了具体可操作路径，准确且礼貌。
[FAIL] raw_032786_e467921d | 2/3 | 仅索要订单号，未提供任何可执行路径或售后入口，用户无法直接操作。
[FAIL] raw_032346_07a498c8 | 2/3 | 仅索要订单号，未提供具体可执行路径，未引导核对包裹或售后流程。
[PASS] raw_047181_50b04889 | 4/4 | 回复直接解决了用户问题，给出了可操作路径，但未提及备选方案，略有不足。
[FAIL] raw_060484_3d70b1a8 | 3/3 | 回复未利用历史关键信息（中午封门、鲜花易损），未给出具体可执行路径（如联系站点、售后维权），仅建议关注物流，缺乏实质性帮
[FAIL] raw_032673_9726b4d2 | 3/3 | 回复方向正确但缺乏具体步骤，未提及售后流程具体选项，补偿不保证未明确说明。
[FAIL] raw_043915_8b26cd2a | 3/3 | 回复未分析用户找不到选项的原因（如超时效），仅重复路径，缺乏具体可操作步骤。
[FAIL] raw_029844_d62f069f | 3/4 | 回复未提供具体操作路径，仅说查看进度，未解决用户查不到订单的问题。
[FAIL] raw_007724_0af2207c | 3/4 | 回复未提供具体查询自提点的方法（如App内搜索），仅建议联系配送员或查看订单，缺乏可操作步骤。
[PASS] raw_003137_94af1481 | 4/4 | 回复区分了未出库和已出库情况，给出了具体操作建议，但未提及拦截选项，略有不足。
[FAIL] raw_028992_a7dc272f | 3/3 | 回复道歉但未给出具体路径，如平台介入或跟进措施，缺乏可操作性。
[PASS] raw_054330_c7bbd8ed | 4/4 | 回复说明了退款审核时效和查看状态的方法，但未提及原路返回，略有不足。
[PASS] raw_040266_da0bbb49 | 5/5 | 回复直接确认用户意图，给出明确可执行路径，利用历史信息，无风险。
[PASS] raw_036937_8fc84a17 | 4/4 | 回复分别给出了改地址和取消订单的路径，但未提及联系配送员协商，略有不足。
[PASS] raw_055744_5b5dade2 | 5/5 | 回复直接支持用户需要时再买的决定，并准确复述了历史中的售后政策，打消顾虑，语气友好。
[FAIL] raw_043424_e86fa970 | 3/4 | 回复未道歉，申请售后路径不具体，用户不知如何操作。
[PASS] raw_035308_e848c38b | 4/4 | 回复直接回答了优惠券退回问题，给出了具体条件，但未提及有效期和查看页面，略有不足。
[PASS] raw_036042_2beab24c | 4/4 | 回复给出了替代方案，但缺少道歉，语气体验略差。
[FAIL] raw_040501_34c91a14 | 2/2 | 回复仅说备注，未利用历史信息给出具体后续步骤，如保持手机畅通、稍后再次致电。
[FAIL] raw_032667_e115192c | 4/5 | 未利用历史中已提供的订单信息（预计15日送达、成都仓），直接给出通用流程。
[PASS] raw_000683_972e7226 | 5/5 | 直接回答了E卡付款方式和是否自动转银行卡，给出具体操作路径，准确且可执行。
[PASS] raw_040555_e0a6716f | 4/4 | 回复直接说明无法修改配送时间，并给出两种可行方案，具体可操作，语气礼貌，无风险。
[FAIL] raw_028511_c8c9d3ab | 2/3 | 回复直接拒绝拆分，未提供任何可操作路径或规则说明，用户仍不知如何解决。
[FAIL] raw_047722_2e33c07e | 3/3 | 回复方向正确但缺乏具体步骤，未说明自动退款和原路返回，用户仍不清楚后续流程。
[FAIL] raw_008012_0d888da6 | 2/3 | 回复仅索要订单号，未利用历史信息给出具体解决路径，缺乏可操作步骤。
[FAIL] raw_059982_5b256ff6 | 2/2 | 回复仅确认取消，未提供退款申请、路径等具体操作，用户仍不知如何退款。
[FAIL] raw_061760_009b42e3 | 2/2 | 回复过于笼统，未解决用户核心诉求（如何用赔付价再买），未利用历史信息，缺乏具体步骤。
[PASS] raw_006150_18410b42 | 4/4 | 回复直接回应了用户对镜头质量的担忧，给出了拒收和售后处理的具体路径，语气安抚，利用了历史中物流信息，但未明确提及收货后先
[PASS] raw_016750_27a70295 | 4/5 | 直接回答了用户问题，给出了重新下单时选择支付方式的具体建议，并引导查看结算页或联系客服，符合预期标准。
[PASS] raw_055535_6e96478f | 4/4 | 回复给出了具体操作路径，但未直接提及退货页面显示地址，略有不足。
[PASS] raw_017507_fba05973 | 4/4 | 回复提供了具体操作路径（联系客服或查看修改按钮），但未直接建议取消重下，略有不足。
[PASS] raw_007236_284fbc78 | 4/5 | 回复直接说明无法恢复，并给出重新下单的替代方案，符合预期。
[FAIL] raw_010194_e1f9b562 | 2/2 | 回复未利用历史确认商品，要求用户重新下单提供新订单号，未直接解决价保诉求，缺乏可执行路径。
[FAIL] raw_032231_6a1b2f46 | 2/3 | 回复仅表示联系处理，未给出具体可执行路径，用户仍不知如何操作。
[FAIL] raw_005766_14a0e76d | 2/2 | 未利用历史中已拒绝的背景，且未给出具体可执行路径，仅模糊回应回收渠道。
[FAIL] raw_022518_4e610d81 | 3/3 | 未利用历史中用户不想让对方看到价格的需求，未说明发票不随商品寄出，而是错误引导修改发票内容。
[PASS] raw_037530_023543f1 | 4/4 | 回复提供了具体预约路径和电话，但未明确安装预计时间，略有不足。
[PASS] raw_059790_27c4c5c4 | 4/5 | 回复直接给出无法修改的结论，并提供转寄和拒收重下两个可执行方案，符合预期标准。
[PASS] raw_048708_2edb6cd6 | 4/5 | 回复直接说明无法修改，并给出两个可操作替代方案，准确且具体。
[FAIL] raw_022456_32ed8d91 | 3/3 | 回复解释了配送方式差异，但未解释页面预估与实际差异原因，且未引导查看订单详情页，缺乏具体可操作步骤。
[PASS] raw_020335_11614bd4 | 4/5 | 直接回答了用户问题，但未提供查看促销规则的具体路径，有帮助性略低。
[PASS] raw_027986_1ce04d65 | 4/5 | 回复准确解释了无法补发的原因，并给出换货建议，但未提供具体操作入口，略有不足。
[PASS] raw_012750_4818183c | 4/5 | 分别回答了发票和延保单问题，给出了具体获取路径，但延保单建议联系客服稍显笼统。
[PASS] dev_migrated_raw_002420_209913ba | 5/5 | 礼貌回应感谢，符合闲聊收尾场景，无风险。
[PASS] raw_055857_99139582 | 5/5 | 直接回答不包含眼镜盒，并给出可操作的补发或联系客服路径，准确且有帮助。
[PASS] raw_058298_a2eee4aa | 4/5 | 回复利用了历史缺货信息，给出了关注订单详情页的具体建议，符合人工标准。
[PASS] raw_026491_5f0ca439 | 5/5 | 直接确认用户问题，给出明确可执行路径，符合预期标准。
[PASS] raw_056033_852e03c7 | 5/5 | 回复直接给出了预计送达时间，并提供了查看物流轨迹和联系快递公司的具体路径，完全符合预期。
[FAIL] raw_062310_352f79ec | 3/3 | 回复方向正确但未解释多服务单分别处理的原因，缺乏具体可操作步骤，用户仍不清楚为何退款分开。
[PASS] raw_049535_44b7eaa2 | 5/5 | 礼貌收尾，引导评价，符合预期。
[PASS] raw_064271_927e7a15 | 4/4 | 回复直接给出了补开发票的路径，并主动提出协助，但未明确说明无需退货重拍，略有不足。
[FAIL] raw_042059_1e5082f7 | 3/3 | 回复表达了歉意和承诺，但未给出具体处理进度或结果，缺乏可执行路径，不符合人工预期标准。
[PASS] raw_006549_f1173564 | 4/4 | 回复给出了两种可操作方案，但未提醒确认库存和价格，略有不足。
[PASS] raw_024563_3f279b85 | 4/4 | 回复给出了查看物流、联系快递等具体步骤，但未提及他人代收或申请售后，略有不足。
[FAIL] dev_migrated_raw_011684_52ebc4e6 | 3/4 | 未利用历史中用户感冒着急的信息，未提供催件或升级专员路径，仅建议查看物流和联系客服，缺乏具体可执行步骤。
[FAIL] raw_058699_3cd2aba8 | 3/4 | 回复未利用历史缺货信息，仅泛泛道歉，缺乏具体安抚或行动指引。
[FAIL] raw_064262_5286db14 | 3/3 | 回复未先道歉安抚，未提及情人节时效落差，缺乏具体可执行步骤，仅泛泛而谈。
[FAIL] raw_045242_87cce0da | 2/3 | 未利用历史中用户反复追问的背景，仅重复之前回答，缺乏具体可执行建议。
[FAIL] raw_010934_7e3b933f | 3/3 | 回复方向正确但缺乏具体可操作步骤，未提及登记申请和审核流程，与人工预期标准有差距。
[PASS] raw_059223_f052ade2 | 4/5 | 回复直接给出取消重下的可执行路径，准确回应问题，语气礼貌，无风险。
[PASS] raw_017957_46035bf8 | 5/5 | 回复直接给出了可执行路径：联系配送员或登录订单详情页沟通，符合预期标准。
[PASS] raw_013064_52f106bb | 4/5 | 回复确认电话联系，并给出查看物流和联系快递公司的具体路径，符合预期。
[FAIL] raw_062962_f45876b2 | 3/3 | 回复给出了模糊的优化时间，但未提供具体可执行路径，如建议先下单后补发权益，缺乏可操作性。
[PASS] raw_001107_656f8fa7 | 4/5 | 回复直接给出了安装服务的操作路径，准确且具体，但未提及具体入口位置，略有不足。
[PASS] raw_017597_656e918f | 4/4 | 回复提供了具体操作路径（订单详情页功能），并给出备选方案，语气礼貌，符合预期。
[FAIL] raw_061296_c5beaf6e | 3/3 | 回复方向正确但过于笼统，未给出具体路径（如京东金融App），用户无法直接操作。
[PASS] raw_001109_d53c7083 | 4/5 | 回复准确告知安装码发送到下单手机号，利用了历史信息，但未主动提供查询路径，略有不足。
[PASS] raw_050369_810ee0b2 | 4/5 | 回复直接解决了两个问题，给出了具体路径，语气礼貌，利用了历史信息。
[PASS] raw_010322_da27dfd4 | 4/4 | 回复直接解答发票问题，给出具体操作步骤，但未强调以出库后状态为准，略有不足。
[PASS] raw_025440_bea59cff | 5/5 | 用户确认无其他问题，AI礼貌结束对话，符合预期。
[FAIL] raw_055906_0900418d | 3/3 | 未利用历史中已确认商品是耳机，且未结合订单状态给出具体修改路径，仅提供通用方案。
[FAIL] raw_017043_3404afcc | 2/3 | 未利用历史中缺保护套的背景，未提供补发方案，而是引导重新购买，偏离用户诉求。
[FAIL] raw_009105_9e1e2a4d | 3/3 | 未利用历史中已签收信息，未说明质检流程和预计时间，缺乏具体可执行步骤。
[FAIL] raw_004486_2e709acf | 3/4 | 回复未利用历史中页面承诺与实际不符的落差，未提供加急催件等具体路径，仅建议关注物流，缺乏可操作步骤。
[PASS] raw_050713_0d51e6e9 | 5/5 | 回复直接给出了手机端具体操作路径，利用了历史中用户是手机咨询的信息，准确且可执行。
[FAIL] raw_029534_ec29c002 | 3/4 | 回复方向正确但缺乏具体操作步骤，未提及取消路径和注意事项。
[PASS] raw_003236_12236c82 | 4/5 | 回复直接回应了用户诉求，给出了备注操作，并说明了实际安排的不确定性，准确且礼貌。
[FAIL] raw_036507_27fe7249 | 3/4 | 未利用历史中退货入库可能恢复库存的信息，仅给出通用补货话术，缺乏具体可操作步骤。
[PASS] raw_056911_7ec29b3e | 5/5 | 直接解决用户不想收货的顾虑，明确无需收货、拦截退回、退款原路返回，利用历史信息，语气礼貌。
[PASS] dev_migrated_raw_030634_db9c464d | 4/4 | 回复确认了运费补偿规则并给出操作路径，但未先道歉安抚情绪，历史利用不足。
[PASS] raw_032125_813a9dc6 | 4/4 | 回复解释了配送时效变化原因，建议以结算页为准，并引导联系客服，符合人工标准。
[PASS] raw_022336_2cf9725b | 4/5 | 直接告知缺货状态和预计补货时间，并给出关注物流和联系客服的建议，具体可操作。
[FAIL] raw_011903_25649ff6 | 3/4 | 回复方向正确但缺乏具体可执行路径，未明确给出补发配件或联系售后的具体步骤。
[PASS] raw_001302_ef17b7cc | 5/5 | 直接提供厂家电话，明确说明安装费用以确认为准，并给出通常情况，完全解决用户问题。
[PASS] raw_060142_ccbcd858 | 5/5 | 直接回答用户是否需要先还白条，明确告知无需操作，符合预期。
[PASS] raw_016950_fe3cc12e | 4/4 | 回复解释了价格变动原因，并给出了查看历史价格和联系客服的具体建议，但未提及降价推送功能，略有不足。
[FAIL] raw_063592_c72044f4 | 2/3 | 回复仅索要新地址，未提供修改路径，用户无法自行操作。
[PASS] raw_019493_caa7f643 | 4/4 | 回复给出了重新下单联系客服的路径，但未提及联系报销单位确认，略有不足。
[FAIL] raw_056523_d2651524 | 3/4 | 回复方向正确但缺乏具体可操作步骤，如未给出预计时间或具体查看路径。
[FAIL] raw_040436_41f4da65 | 2/2 | 回复未说明发票开具时效或引导查看进度，仅告知已开具邮寄，缺乏可操作步骤。
[PASS] raw_003732_61e4ca6d | 4/4 | 回复表达了理解，并给出了关注物流和联系客服的具体建议，但未明确提及提前预约，略有不足。
[FAIL] raw_041129_2e75aa5f | 3/3 | 用户要求换货，但回复引导退货退款重下单，未提供换货方案，偏离用户意图。
[FAIL] raw_055181_c2d3264d | 3/3 | 回复过于笼统，未利用历史中用户对质量的担忧，未给出具体质检承诺或售后路径。
[FAIL] raw_011871_bbd14cae | 3/4 | 回复方向正确但缺乏具体可操作步骤，如未说明如何取消订单或提供换货方案。
[PASS] raw_062223_d0dfa9fd | 5/5 | 直接回答用户问题，明确告知不需要联系厂家，并承诺跟进，符合预期。
[PASS] raw_018030_dbb58b6f | 5/5 | 回复直接利用历史信息，给出明确可执行路径（联系快递转寄或拒收），准确且具体。
[PASS] dev_migrated_raw_003946_e26a581a | 4/4 | 回复直接针对安装服务问题，给出了具体查看路径和后续步骤，但未提及收费情况，语气稍显生硬。
[FAIL] raw_010117_972b5bef | 3/3 | 未利用历史中送人场景进行推荐，仅建议搜索，缺乏具体可操作步骤。
[PASS] raw_008176_0b13e4b9 | 4/5 | 回复直接给出可执行步骤，包括重新提交、上传凭证、检查必填项，并建议联系人工，符合预期标准。
[FAIL] raw_048752_09328bf1 | 2/2 | 回复未说明默认电子发票无法提供纸质，与人工标准不符，未解决用户诉求。

Judged: 150, failed API calls: 0

=== Overall Metrics ===
  total: 150
  通过数: 76
  通过率: 50.7
  自动解决率: 87.3
  准确率: 94.7
  各维度均分: {'需求解决': 3.56, '回答准确': 3.91, '有帮助性': 3.55, '语气体验': 4.15, '风险控制': 4.95, '历史利用': 3.64}
  失败标签分布: {'too_generic': 40, 'history_ignored': 15, 'missing_action': 14, 'wrong_intent': 4, 'overpromise': 1}

Report: /data2/songxinshuai/linsihan/ecommerce_assistant/docs/results/lora_ablation_jddc_rebuild_v2/rank64_qv_qlora/judge_results/judge_report.json
Markdown: /data2/songxinshuai/linsihan/ecommerce_assistant/docs/results/lora_ablation_jddc_rebuild_v2/rank64_qv_qlora/judge_results/judge_report.md
